******************************************************************************
             TMS320C2000 Linker PC v20.2.1                     
******************************************************************************
>> Linked Wed Apr  7 14:34:59 2021

OUTPUT FILE NAME:   <Inverter_Build.out>
ENTRY POINT SYMBOL: "_c_int00"  address: 00010aba


MEMORY CONFIGURATION

         name            origin    length      used     unused   attr    fill
----------------------  --------  ---------  --------  --------  ----  --------
PAGE 0:
  BEGIN                 00000000   00000002  00000002  00000000  RWIX
  RAMM0                 00000002   000003fe  000003fc  00000002  RWIX
  RAMLS0LS1LS2LS3LS4LS5 00008000   00003000  00002ffc  00000004  RWIX
  RAMGS456789           00010000   00006000  00000c95  0000536b  RWIX
  RESET                 003fffc0   00000002  00000000  00000002  RWIX

PAGE 1:
  BOOT_RSVD             00000002   0000004e  00000000  0000004e  RWIX
  RAMM1                 00000400   00000400  00000400  00000000  RWIX
  ADCA_RESULT           00000b00   00000020  00000018  00000008  RWIX
  ADCB_RESULT           00000b20   00000020  00000018  00000008  RWIX
  ADCC_RESULT           00000b40   00000020  00000018  00000008  RWIX
  ADCD_RESULT           00000b60   00000020  00000018  00000008  RWIX
  CPU_TIMER0            00000c00   00000008  00000008  00000000  RWIX
  CPU_TIMER1            00000c08   00000008  00000008  00000000  RWIX
  CPU_TIMER2            00000c10   00000008  00000008  00000000  RWIX
  PIE_CTRL              00000ce0   00000020  0000001a  00000006  RWIX
  PIE_VECT              00000d00   00000200  00000200  00000000  RWIX
  DMA                   00001000   00000200  000001e0  00000020  RWIX
  CLA1                  00001400   00000040  0000003e  00000002  RWIX
  CLA1_MSGRAMLOW        00001480   00000080  00000040  00000040  RWIX
  CLA1_MSGRAMHIGH       00001500   00000080  00000000  00000080  RWIX
  EPWM1                 00004000   00000100  00000100  00000000  RWIX
  EPWM2                 00004100   00000100  00000100  00000000  RWIX
  EPWM3                 00004200   00000100  00000100  00000000  RWIX
  EPWM4                 00004300   00000100  00000100  00000000  RWIX
  EPWM5                 00004400   00000100  00000100  00000000  RWIX
  EPWM6                 00004500   00000100  00000100  00000000  RWIX
  EPWM7                 00004600   00000100  00000100  00000000  RWIX
  EPWM8                 00004700   00000100  00000100  00000000  RWIX
  EPWM9                 00004800   00000100  00000100  00000000  RWIX
  EPWM10                00004900   00000100  00000100  00000000  RWIX
  EPWM11                00004a00   00000100  00000100  00000000  RWIX
  EPWM12                00004b00   00000100  00000100  00000000  RWIX
  ECAP1                 00005000   00000020  00000020  00000000  RWIX
  ECAP2                 00005020   00000020  00000020  00000000  RWIX
  ECAP3                 00005040   00000020  00000020  00000000  RWIX
  ECAP4                 00005060   00000020  00000020  00000000  RWIX
  ECAP5                 00005080   00000020  00000020  00000000  RWIX
  ECAP6                 000050a0   00000020  00000020  00000000  RWIX
  EQEP1                 00005100   00000040  00000022  0000001e  RWIX
  EQEP2                 00005140   00000040  00000022  0000001e  RWIX
  EQEP3                 00005180   00000040  00000022  0000001e  RWIX
  DACA                  00005c00   00000010  00000008  00000008  RWIX
  DACB                  00005c10   00000010  00000008  00000008  RWIX
  DACC                  00005c20   00000010  00000008  00000008  RWIX
  CMPSS1                00005c80   00000020  00000020  00000000  RWIX
  CMPSS2                00005ca0   00000020  00000020  00000000  RWIX
  CMPSS3                00005cc0   00000020  00000020  00000000  RWIX
  CMPSS4                00005ce0   00000020  00000020  00000000  RWIX
  CMPSS5                00005d00   00000020  00000020  00000000  RWIX
  CMPSS6                00005d20   00000020  00000020  00000000  RWIX
  CMPSS7                00005d40   00000020  00000020  00000000  RWIX
  CMPSS8                00005d60   00000020  00000020  00000000  RWIX
  SDFM1                 00005e00   00000080  00000080  00000000  RWIX
  SDFM2                 00005e80   00000080  00000080  00000000  RWIX
  MCBSPA                00006000   00000040  00000024  0000001c  RWIX
  MCBSPB                00006040   00000040  00000024  0000001c  RWIX
  SPIA                  00006100   00000010  00000010  00000000  RWIX
  SPIB                  00006110   00000010  00000010  00000000  RWIX
  SPIC                  00006120   00000010  00000010  00000000  RWIX
  SPID                  00006130   00000010  00000000  00000010  RWIX
  UPP                   00006200   00000100  00000048  000000b8  RWIX
  WD                    00007000   00000040  0000002b  00000015  RWIX
  NMIINTRUPT            00007060   00000010  00000007  00000009  RWIX
  XINT                  00007070   00000010  0000000b  00000005  RWIX
  SCIA                  00007200   00000010  00000010  00000000  RWIX
  SCIB                  00007210   00000010  00000010  00000000  RWIX
  SCIC                  00007220   00000010  00000010  00000000  RWIX
  SCID                  00007230   00000010  00000010  00000000  RWIX
  I2CA                  00007300   00000040  00000022  0000001e  RWIX
  I2CB                  00007340   00000040  00000022  0000001e  RWIX
  ADCA                  00007400   00000080  00000080  00000000  RWIX
  ADCB                  00007480   00000080  00000080  00000000  RWIX
  ADCC                  00007500   00000080  00000080  00000000  RWIX
  ADCD                  00007580   00000080  00000080  00000000  RWIX
  INPUT_XBAR            00007900   00000020  00000020  00000000  RWIX
  XBAR                  00007920   00000020  00000020  00000000  RWIX
  SYNC_SOC              00007940   00000010  00000006  0000000a  RWIX
  DMACLASRCSEL          00007980   00000040  0000001a  00000026  RWIX
  EPWM_XBAR             00007a00   00000040  00000040  00000000  RWIX
  CLB_XBAR              00007a40   00000040  00000040  00000000  RWIX
  OUTPUT_XBAR           00007a80   00000040  00000040  00000000  RWIX
  GPIOCTRL              00007c00   00000180  00000180  00000000  RWIX
  GPIODAT               00007f00   00000030  00000030  00000000  RWIX
  RAMD0D1               0000b000   00001000  00000f94  0000006c  RWIX
  RAMGS0GS1             0000c000   00002000  00000400  00001c00  RWIX
  RAMGS2                0000e000   00001000  00000000  00001000  RWIX
  RAMGS3                0000f000   00001000  00000000  00001000  RWIX
  RAMGS10               00016000   00001000  00000000  00001000  RWIX
  RAMGS11               00017000   00001000  00000000  00001000  RWIX
  RAMGS12               00018000   00001000  00000000  00001000  RWIX
  RAMGS13               00019000   00001000  00000000  00001000  RWIX
  RAMGS14               0001a000   00001000  00000000  00001000  RWIX
  RAMGS15               0001b000   00001000  00000000  00001000  RWIX
  CPU2TOCPU1RAM         0003f800   00000400  00000000  00000400  RWIX
  CPU1TOCPU2RAM         0003fc00   00000400  00000088  00000378  RWIX
  EMIF1                 00047000   00000800  00000070  00000790  RWIX
  EMIF2                 00047800   00000800  00000070  00000790  RWIX
  CANA                  00048000   00000800  00000164  0000069c  RWIX
  CANB                  0004a000   00000800  00000164  0000069c  RWIX
  IPC                   00050000   00000024  00000024  00000000  RWIX
  FLASHPUMPSEMAPHORE    00050024   00000002  00000002  00000000  RWIX
  DEV_CFG               0005d000   00000180  0000012e  00000052  RWIX
  ANALOG_SUBSYS         0005d180   00000080  00000048  00000038  RWIX
  CLK_CFG               0005d200   00000100  00000032  000000ce  RWIX
  CPU_SYS               0005d300   00000100  00000082  0000007e  RWIX
  ROMPREFETCH           0005e608   00000002  00000002  00000000  RWIX
  DCSM_Z1               0005f000   00000030  00000024  0000000c  RWIX
  DCSM_Z2               0005f040   00000030  00000024  0000000c  RWIX
  DCSM_COMMON           0005f070   00000010  00000008  00000008  RWIX
  MEMCFG                0005f400   00000080  00000080  00000000  RWIX
  EMIF1CONFIG           0005f480   00000020  00000020  00000000  RWIX
  EMIF2CONFIG           0005f4a0   00000020  00000020  00000000  RWIX
  ACCESSPROTECTION      0005f4c0   00000040  00000040  00000000  RWIX
  MEMORYERROR           0005f500   00000040  00000040  00000000  RWIX
  ROMWAITSTATE          0005f540   00000002  00000002  00000000  RWIX
  FLASH0_CTRL           0005f800   00000300  00000182  0000017e  RWIX
  FLASH0_ECC            0005fb00   00000040  00000028  00000018  RWIX
  DCSM_Z1_OTP           00078000   00000020  00000020  00000000  RWIX
  DCSM_Z2_OTP           00078200   00000020  00000020  00000000  RWIX


SECTION ALLOCATION MAP

 output                                  attributes/
section   page    origin      length       input sections
--------  ----  ----------  ----------   ----------------
codestart 
*          0    00000000    00000002     
                  00000000    00000002     F2837xD_CodeStartBranch.obj (codestart)

.cinit     0    00000002    0000020f     
                  00000002    0000013c     main.obj (.cinit)
                  0000013e    00000093     state_machine.obj (.cinit:_state_table)
                  000001d1    0000001d     main.obj (.cinit:_ePWM)
                  000001ee    0000000e     rts2800_fpu32.lib : exit.c.obj (.cinit)
                  000001fc    00000009     main.obj (.cinit:_eQEP)
                  00000205    00000005     rts2800_fpu32.lib : _lock.c.obj (.cinit:__lock)
                  0000020a    00000005                       : _lock.c.obj (.cinit:__unlock)
                  0000020f    00000002     --HOLE-- [fill = 0]

.pinit     0    00000002    00000000     UNINITIALIZED

.reset     0    003fffc0    00000002     DSECT
                  003fffc0    00000002     rts2800_fpu32.lib : boot28.asm.obj (.reset)

.text.1    0    0000021a    000001e5     
                  0000021a    000001ca     interrupt.obj (.text)
                  000003e4    00000018     rts2800_fpu32.lib : ll_aox28.asm.obj (.text)
                  000003fc    00000002                       : pre_init.c.obj (.text)
                  000003fe    00000001                       : startup.c.obj (.text)

.text.2    0    00008000    00002ffc     
                  00008000    00000913     main.obj (.text)
                  00008913    00000879     PM_endat22_lib.lib : clb_config.obj (.text)
                  0000918c    00000714                        : PM_endat22_Source.obj (.text)
                  000098a0    00000585     F2837xD_DefaultISR.obj (.text:retain)
                  00009e25    0000048a     main.obj (.text:retain)
                  0000a2af    00000342     endat_commands.obj (.text)
                  0000a5f1    0000033b     F2837xD_SysCtrl.obj (.text)
                  0000a92c    00000311     SciStdio.obj (.text)
                  0000ac3d    000002e9     uart.obj (.text)
                  0000af26    000000d6     PM_endat22_lib.lib : F2837xD_Clb_drivers.obj (.text)

.text.3    0    00010000    00000c95     
                  00010000    000002e4     endat.obj (.text)
                  000102e4    00000244     F2837xD_Gpio.obj (.text)
                  00010528    0000018a     PM_endat22_lib.lib : crc.obj (.text)
                  000106b2    000000fd     F2837xD_EPwm.obj (.text)
                  000107af    000000db     DLOG_4CH_F.obj (.text)
                  0001088a    000000cd     MESSAGE_F.obj (.text)
                  00010957    00000088     rts2800_fpu32.lib : fs_div28.asm.obj (.text)
                  000109df    00000001     --HOLE-- [fill = 0]
                  000109e0    00000081     c28x_vcu0_library_fpu32.lib : vcu0_crc_16.obj (.text)
                  00010a61    00000059     rts2800_fpu32.lib : s_floorf.c.obj (.text)
                  00010aba    00000056                       : boot28.asm.obj (.text)
                  00010b10    00000051     endat.obj (.text:retain)
                  00010b61    00000047     Sci.obj (.text)
                  00010ba8    00000029     rts2800_fpu32.lib : exit.c.obj (.text)
                  00010bd1    00000028     F2837xD_PieCtrl.obj (.text)
                  00010bf9    00000026     F2837xD_PieVect.obj (.text)
                  00010c1f    00000024     rts2800_fpu32.lib : cpy_tbl.c.obj (.text)
                  00010c43    0000001d                       : memcpy.c.obj (.text)
                  00010c60    00000012                       : args_main.c.obj (.text)
                  00010c72    0000000f     interrupt.obj (.text:retain)
                  00010c81    0000000b     rts2800_fpu32.lib : u_div28.asm.obj (.text)
                  00010c8c    00000009                       : _lock.c.obj (.text)

.stack     1    00000400    00000380     UNINITIALIZED
                  00000400    00000380     --HOLE--

Clb1LogicCfgRegsFile 
*          1    00000780    00000040     UNINITIALIZED
                  00000780    00000040     PM_endat22_lib.lib : F2837xD_GlobalVariableDefs_clb.obj (Clb1LogicCfgRegsFile)

Clb1LogicCtrlRegsFile 
*          1    000007c0    00000040     UNINITIALIZED
                  000007c0    00000040     PM_endat22_lib.lib : F2837xD_GlobalVariableDefs_clb.obj (Clb1LogicCtrlRegsFile)

AdcaResultFile 
*          1    00000b00    00000018     UNINITIALIZED
                  00000b00    00000018     F2837xD_GlobalVariableDefs.obj (AdcaResultFile)

AdcbResultFile 
*          1    00000b20    00000018     UNINITIALIZED
                  00000b20    00000018     F2837xD_GlobalVariableDefs.obj (AdcbResultFile)

AdccResultFile 
*          1    00000b40    00000018     UNINITIALIZED
                  00000b40    00000018     F2837xD_GlobalVariableDefs.obj (AdccResultFile)

AdcdResultFile 
*          1    00000b60    00000018     UNINITIALIZED
                  00000b60    00000018     F2837xD_GlobalVariableDefs.obj (AdcdResultFile)

CpuTimer0RegsFile 
*          1    00000c00    00000008     UNINITIALIZED
                  00000c00    00000008     F2837xD_GlobalVariableDefs.obj (CpuTimer0RegsFile)

CpuTimer1RegsFile 
*          1    00000c08    00000008     UNINITIALIZED
                  00000c08    00000008     F2837xD_GlobalVariableDefs.obj (CpuTimer1RegsFile)

CpuTimer2RegsFile 
*          1    00000c10    00000008     UNINITIALIZED
                  00000c10    00000008     F2837xD_GlobalVariableDefs.obj (CpuTimer2RegsFile)

PieCtrlRegsFile 
*          1    00000ce0    0000001a     UNINITIALIZED
                  00000ce0    0000001a     F2837xD_GlobalVariableDefs.obj (PieCtrlRegsFile)

Clb2LogicCfgRegsFile 
*          1    00000ec0    00000040     UNINITIALIZED
                  00000ec0    00000040     PM_endat22_lib.lib : F2837xD_GlobalVariableDefs_clb.obj (Clb2LogicCfgRegsFile)

DmaRegsFile 
*          1    00001000    000000e0     UNINITIALIZED
                  00001000    000000e0     F2837xD_GlobalVariableDefs.obj (DmaRegsFile)

Clb3LogicCfgRegsFile 
*          1    00001140    00000040     UNINITIALIZED
                  00001140    00000040     PM_endat22_lib.lib : F2837xD_GlobalVariableDefs_clb.obj (Clb3LogicCfgRegsFile)

Clb3LogicCtrlRegsFile 
*          1    00001180    00000040     UNINITIALIZED
                  00001180    00000040     PM_endat22_lib.lib : F2837xD_GlobalVariableDefs_clb.obj (Clb3LogicCtrlRegsFile)

Clb4LogicCfgRegsFile 
*          1    000011c0    00000040     UNINITIALIZED
                  000011c0    00000040     PM_endat22_lib.lib : F2837xD_GlobalVariableDefs_clb.obj (Clb4LogicCfgRegsFile)

Cla1RegsFile 
*          1    00001400    0000003e     UNINITIALIZED
                  00001400    0000003e     F2837xD_GlobalVariableDefs.obj (Cla1RegsFile)

EPwm1RegsFile 
*          1    00004000    00000100     UNINITIALIZED
                  00004000    00000100     F2837xD_GlobalVariableDefs.obj (EPwm1RegsFile)

EPwm2RegsFile 
*          1    00004100    00000100     UNINITIALIZED
                  00004100    00000100     F2837xD_GlobalVariableDefs.obj (EPwm2RegsFile)

EPwm3RegsFile 
*          1    00004200    00000100     UNINITIALIZED
                  00004200    00000100     F2837xD_GlobalVariableDefs.obj (EPwm3RegsFile)

EPwm4RegsFile 
*          1    00004300    00000100     UNINITIALIZED
                  00004300    00000100     F2837xD_GlobalVariableDefs.obj (EPwm4RegsFile)

EPwm5RegsFile 
*          1    00004400    00000100     UNINITIALIZED
                  00004400    00000100     F2837xD_GlobalVariableDefs.obj (EPwm5RegsFile)

EPwm6RegsFile 
*          1    00004500    00000100     UNINITIALIZED
                  00004500    00000100     F2837xD_GlobalVariableDefs.obj (EPwm6RegsFile)

EPwm7RegsFile 
*          1    00004600    00000100     UNINITIALIZED
                  00004600    00000100     F2837xD_GlobalVariableDefs.obj (EPwm7RegsFile)

EPwm8RegsFile 
*          1    00004700    00000100     UNINITIALIZED
                  00004700    00000100     F2837xD_GlobalVariableDefs.obj (EPwm8RegsFile)

EPwm9RegsFile 
*          1    00004800    00000100     UNINITIALIZED
                  00004800    00000100     F2837xD_GlobalVariableDefs.obj (EPwm9RegsFile)

EPwm10RegsFile 
*          1    00004900    00000100     UNINITIALIZED
                  00004900    00000100     F2837xD_GlobalVariableDefs.obj (EPwm10RegsFile)

EPwm11RegsFile 
*          1    00004a00    00000100     UNINITIALIZED
                  00004a00    00000100     F2837xD_GlobalVariableDefs.obj (EPwm11RegsFile)

EPwm12RegsFile 
*          1    00004b00    00000100     UNINITIALIZED
                  00004b00    00000100     F2837xD_GlobalVariableDefs.obj (EPwm12RegsFile)

ECap1RegsFile 
*          1    00005000    00000020     UNINITIALIZED
                  00005000    00000020     F2837xD_GlobalVariableDefs.obj (ECap1RegsFile)

ECap2RegsFile 
*          1    00005020    00000020     UNINITIALIZED
                  00005020    00000020     F2837xD_GlobalVariableDefs.obj (ECap2RegsFile)

ECap3RegsFile 
*          1    00005040    00000020     UNINITIALIZED
                  00005040    00000020     F2837xD_GlobalVariableDefs.obj (ECap3RegsFile)

ECap4RegsFile 
*          1    00005060    00000020     UNINITIALIZED
                  00005060    00000020     F2837xD_GlobalVariableDefs.obj (ECap4RegsFile)

ECap5RegsFile 
*          1    00005080    00000020     UNINITIALIZED
                  00005080    00000020     F2837xD_GlobalVariableDefs.obj (ECap5RegsFile)

ECap6RegsFile 
*          1    000050a0    00000020     UNINITIALIZED
                  000050a0    00000020     F2837xD_GlobalVariableDefs.obj (ECap6RegsFile)

EQep1RegsFile 
*          1    00005100    00000022     UNINITIALIZED
                  00005100    00000022     F2837xD_GlobalVariableDefs.obj (EQep1RegsFile)

EQep2RegsFile 
*          1    00005140    00000022     UNINITIALIZED
                  00005140    00000022     F2837xD_GlobalVariableDefs.obj (EQep2RegsFile)

EQep3RegsFile 
*          1    00005180    00000022     UNINITIALIZED
                  00005180    00000022     F2837xD_GlobalVariableDefs.obj (EQep3RegsFile)

DacaRegsFile 
*          1    00005c00    00000008     UNINITIALIZED
                  00005c00    00000008     F2837xD_GlobalVariableDefs.obj (DacaRegsFile)

DacbRegsFile 
*          1    00005c10    00000008     UNINITIALIZED
                  00005c10    00000008     F2837xD_GlobalVariableDefs.obj (DacbRegsFile)

DaccRegsFile 
*          1    00005c20    00000008     UNINITIALIZED
                  00005c20    00000008     F2837xD_GlobalVariableDefs.obj (DaccRegsFile)

Cmpss1RegsFile 
*          1    00005c80    00000020     UNINITIALIZED
                  00005c80    00000020     F2837xD_GlobalVariableDefs.obj (Cmpss1RegsFile)

Cmpss2RegsFile 
*          1    00005ca0    00000020     UNINITIALIZED
                  00005ca0    00000020     F2837xD_GlobalVariableDefs.obj (Cmpss2RegsFile)

Cmpss3RegsFile 
*          1    00005cc0    00000020     UNINITIALIZED
                  00005cc0    00000020     F2837xD_GlobalVariableDefs.obj (Cmpss3RegsFile)

Cmpss4RegsFile 
*          1    00005ce0    00000020     UNINITIALIZED
                  00005ce0    00000020     F2837xD_GlobalVariableDefs.obj (Cmpss4RegsFile)

Cmpss5RegsFile 
*          1    00005d00    00000020     UNINITIALIZED
                  00005d00    00000020     F2837xD_GlobalVariableDefs.obj (Cmpss5RegsFile)

Cmpss6RegsFile 
*          1    00005d20    00000020     UNINITIALIZED
                  00005d20    00000020     F2837xD_GlobalVariableDefs.obj (Cmpss6RegsFile)

Cmpss7RegsFile 
*          1    00005d40    00000020     UNINITIALIZED
                  00005d40    00000020     F2837xD_GlobalVariableDefs.obj (Cmpss7RegsFile)

Cmpss8RegsFile 
*          1    00005d60    00000020     UNINITIALIZED
                  00005d60    00000020     F2837xD_GlobalVariableDefs.obj (Cmpss8RegsFile)

Sdfm1RegsFile 
*          1    00005e00    00000080     UNINITIALIZED
                  00005e00    00000080     F2837xD_GlobalVariableDefs.obj (Sdfm1RegsFile)

Sdfm2RegsFile 
*          1    00005e80    00000080     UNINITIALIZED
                  00005e80    00000080     F2837xD_GlobalVariableDefs.obj (Sdfm2RegsFile)

McbspaRegsFile 
*          1    00006000    00000024     UNINITIALIZED
                  00006000    00000024     F2837xD_GlobalVariableDefs.obj (McbspaRegsFile)

McbspbRegsFile 
*          1    00006040    00000024     UNINITIALIZED
                  00006040    00000024     F2837xD_GlobalVariableDefs.obj (McbspbRegsFile)

SpiaRegsFile 
*          1    00006100    00000010     UNINITIALIZED
                  00006100    00000010     F2837xD_GlobalVariableDefs.obj (SpiaRegsFile)

SpibRegsFile 
*          1    00006110    00000010     UNINITIALIZED
                  00006110    00000010     F2837xD_GlobalVariableDefs.obj (SpibRegsFile)

SpicRegsFile 
*          1    00006120    00000010     UNINITIALIZED
                  00006120    00000010     F2837xD_GlobalVariableDefs.obj (SpicRegsFile)

UppRegsFile 
*          1    00006200    00000048     UNINITIALIZED
                  00006200    00000048     F2837xD_GlobalVariableDefs.obj (UppRegsFile)

WdRegsFile 
*          1    00007000    0000002b     UNINITIALIZED
                  00007000    0000002b     F2837xD_GlobalVariableDefs.obj (WdRegsFile)

NmiIntruptRegsFile 
*          1    00007060    00000007     UNINITIALIZED
                  00007060    00000007     F2837xD_GlobalVariableDefs.obj (NmiIntruptRegsFile)

XintRegsFile 
*          1    00007070    0000000b     UNINITIALIZED
                  00007070    0000000b     F2837xD_GlobalVariableDefs.obj (XintRegsFile)

SciaRegsFile 
*          1    00007200    00000010     UNINITIALIZED
                  00007200    00000010     F2837xD_GlobalVariableDefs.obj (SciaRegsFile)

ScibRegsFile 
*          1    00007210    00000010     UNINITIALIZED
                  00007210    00000010     F2837xD_GlobalVariableDefs.obj (ScibRegsFile)

ScicRegsFile 
*          1    00007220    00000010     UNINITIALIZED
                  00007220    00000010     F2837xD_GlobalVariableDefs.obj (ScicRegsFile)

ScidRegsFile 
*          1    00007230    00000010     UNINITIALIZED
                  00007230    00000010     F2837xD_GlobalVariableDefs.obj (ScidRegsFile)

I2caRegsFile 
*          1    00007300    00000022     UNINITIALIZED
                  00007300    00000022     F2837xD_GlobalVariableDefs.obj (I2caRegsFile)

I2cbRegsFile 
*          1    00007340    00000022     UNINITIALIZED
                  00007340    00000022     F2837xD_GlobalVariableDefs.obj (I2cbRegsFile)

InputXbarRegsFile 
*          1    00007900    00000020     UNINITIALIZED
                  00007900    00000020     F2837xD_GlobalVariableDefs.obj (InputXbarRegsFile)

XbarRegsFile 
*          1    00007920    00000020     UNINITIALIZED
                  00007920    00000020     F2837xD_GlobalVariableDefs.obj (XbarRegsFile)

SyncSocRegsFile 
*          1    00007940    00000006     UNINITIALIZED
                  00007940    00000006     F2837xD_GlobalVariableDefs.obj (SyncSocRegsFile)

DmaClaSrcSelRegsFile 
*          1    00007980    0000001a     UNINITIALIZED
                  00007980    0000001a     F2837xD_GlobalVariableDefs.obj (DmaClaSrcSelRegsFile)

EPwmXbarRegsFile 
*          1    00007a00    00000040     UNINITIALIZED
                  00007a00    00000040     F2837xD_GlobalVariableDefs.obj (EPwmXbarRegsFile)

OutputXbarRegsFile 
*          1    00007a80    00000040     UNINITIALIZED
                  00007a80    00000040     F2837xD_GlobalVariableDefs.obj (OutputXbarRegsFile)

GpioCtrlRegsFile 
*          1    00007c00    00000180     UNINITIALIZED
                  00007c00    00000180     F2837xD_GlobalVariableDefs.obj (GpioCtrlRegsFile)

GpioDataRegsFile 
*          1    00007f00    00000030     UNINITIALIZED
                  00007f00    00000030     F2837xD_GlobalVariableDefs.obj (GpioDataRegsFile)

.ebss      1    0000b000    000008d0     UNINITIALIZED
                  0000b000    00000166     main.obj (.ebss)
                  0000b166    0000001a     main.obj (.ebss:_ePWM)
                  0000b180    0000012c     main.obj (.ebss:_DBUFF_4CH1)
                  0000b2ac    0000000c     main.obj (.ebss:_posEncElecTheta)
                  0000b2b8    00000006     main.obj (.ebss:_eQEP)
                  0000b2be    00000002     rts2800_fpu32.lib : _lock.c.obj (.ebss:__lock)
                  0000b2c0    0000012c     main.obj (.ebss:_DBUFF_4CH2)
                  0000b3ec    0000000c     main.obj (.ebss:_posEncMechTheta)
                  0000b3f8    00000006     rts2800_fpu32.lib : exit.c.obj (.ebss)
                  0000b3fe    00000002                       : _lock.c.obj (.ebss:__unlock)
                  0000b400    0000012c     main.obj (.ebss:_DBUFF_4CH3)
                  0000b52c    00000002     endat_commands.obj (.ebss)
                  0000b52e    00000012     --HOLE--
                  0000b540    0000012c     main.obj (.ebss:_DBUFF_4CH4)
                  0000b66c    00000014     --HOLE--
                  0000b680    00000100     endat.obj (.ebss:_endat22CRCtable)
                  0000b780    0000009e     endat.obj (.ebss)
                  0000b81e    00000022     --HOLE--
                  0000b840    00000090     state_machine.obj (.ebss:_state_table)

.econst    1    0000b8d0    000002c4     
                  0000b8d0    000001c0     F2837xD_PieVect.obj (.econst:_PieVectTableInit)
                  0000ba90    000000cd     main.obj (.econst:.string)
                  0000bb5d    00000001     --HOLE-- [fill = 0]
                  0000bb5e    0000001a     SciStdio.obj (.econst:.string)
                  0000bb78    00000018     PM_endat22_lib.lib : F2837xD_Clb_drivers.obj (.econst:_CLBptrs)
                  0000bb90    00000002     SciStdio.obj (.econst)
                  0000bb92    00000002     rts2800_fpu32.lib : s_floorf.c.obj (.econst)

.TI.ramfunc 
*          0    00000211    00000008     
                  00000211    00000004     F2837xD_usDelay.obj (.TI.ramfunc)
                  00000215    00000004     sysctl.obj (.TI.ramfunc)

PUTBUFFER 
*          1    0003fc00    00000080     UNINITIALIZED
                  0003fc00    00000080     F2837xD_Ipc_Driver.obj (PUTBUFFER)

PUTWRITEIDX 
*          1    0003fc80    00000004     UNINITIALIZED
                  0003fc80    00000004     F2837xD_Ipc_Driver.obj (PUTWRITEIDX)

GETREADIDX 
*          1    0003fc84    00000004     UNINITIALIZED
                  0003fc84    00000004     F2837xD_Ipc_Driver.obj (GETREADIDX)

GETBUFFER 
*          0    0003f800    00000080     DSECT
                  0003f800    00000080     F2837xD_Ipc_Driver.obj (GETBUFFER)

GETWRITEIDX 
*          0    0003f880    00000004     DSECT
                  0003f880    00000004     F2837xD_Ipc_Driver.obj (GETWRITEIDX)

PUTREADIDX 
*          0    0003f884    00000004     DSECT
                  0003f884    00000004     F2837xD_Ipc_Driver.obj (PUTREADIDX)

PieVectTableFile 
*          1    00000d00    000001c0     UNINITIALIZED
                  00000d00    000001c0     F2837xD_GlobalVariableDefs.obj (PieVectTableFile)

EmuKeyVar 
*          1    00000d00    00000001     UNINITIALIZED
                  00000d00    00000001     F2837xD_GlobalVariableDefs.obj (EmuKeyVar)

EmuBModeVar 
*          1    00000d01    00000001     UNINITIALIZED
                  00000d01    00000001     F2837xD_GlobalVariableDefs.obj (EmuBModeVar)

FlashCallbackVar 
*          1    00000d02    00000000     UNINITIALIZED

FlashScalingVar 
*          1    00000d02    00000000     UNINITIALIZED

AdcaRegsFile 
*          1    00007400    00000080     UNINITIALIZED
                  00007400    00000080     F2837xD_GlobalVariableDefs.obj (AdcaRegsFile)

AdcbRegsFile 
*          1    00007480    00000080     UNINITIALIZED
                  00007480    00000080     F2837xD_GlobalVariableDefs.obj (AdcbRegsFile)

AdccRegsFile 
*          1    00007500    00000080     UNINITIALIZED
                  00007500    00000080     F2837xD_GlobalVariableDefs.obj (AdccRegsFile)

AdcdRegsFile 
*          1    00007580    00000080     UNINITIALIZED
                  00007580    00000080     F2837xD_GlobalVariableDefs.obj (AdcdRegsFile)

Clb1DataExchgRegsFile 
*          1    0000bbc0    00000200     UNINITIALIZED
                  0000bbc0    00000200     PM_endat22_lib.lib : F2837xD_GlobalVariableDefs_clb.obj (Clb1DataExchgRegsFile)

Clb2DataExchgRegsFile 
*          1    0000bdc0    00000200     UNINITIALIZED
                  0000bdc0    00000200     PM_endat22_lib.lib : F2837xD_GlobalVariableDefs_clb.obj (Clb2DataExchgRegsFile)

Emif1RegsFile 
*          1    00047000    00000070     UNINITIALIZED
                  00047000    00000070     F2837xD_GlobalVariableDefs.obj (Emif1RegsFile)

Emif2RegsFile 
*          1    00047800    00000070     UNINITIALIZED
                  00047800    00000070     F2837xD_GlobalVariableDefs.obj (Emif2RegsFile)

CanaRegsFile 
*          1    00048000    00000164     UNINITIALIZED
                  00048000    00000164     F2837xD_GlobalVariableDefs.obj (CanaRegsFile)

CanbRegsFile 
*          1    0004a000    00000164     UNINITIALIZED
                  0004a000    00000164     F2837xD_GlobalVariableDefs.obj (CanbRegsFile)

AnalogSubsysRegsFile 
*          1    0005d180    00000048     UNINITIALIZED
                  0005d180    00000048     F2837xD_GlobalVariableDefs.obj (AnalogSubsysRegsFile)

Cla1SoftIntRegsFile 
*          1    00000ce0    00000004     DSECT
                  00000ce0    00000004     F2837xD_GlobalVariableDefs.obj (Cla1SoftIntRegsFile)

ClbXbarRegsFile 
*          1    00007a40    00000040     UNINITIALIZED
                  00007a40    00000040     PM_endat22_lib.lib : F2837xD_GlobalVariableDefs_clb.obj (ClbXbarRegsFile)

IpcRegsFile 
*          1    00050000    00000024     UNINITIALIZED
                  00050000    00000024     F2837xD_GlobalVariableDefs.obj (IpcRegsFile)

FlashPumpSemaphoreRegsFile 
*          1    00050024    00000002     UNINITIALIZED
                  00050024    00000002     F2837xD_GlobalVariableDefs.obj (FlashPumpSemaphoreRegsFile)

RomPrefetchRegsFile 
*          1    0005e608    00000002     UNINITIALIZED
                  0005e608    00000002     F2837xD_GlobalVariableDefs.obj (RomPrefetchRegsFile)

DcsmZ1RegsFile 
*          1    0005f000    00000024     UNINITIALIZED
                  0005f000    00000024     F2837xD_GlobalVariableDefs.obj (DcsmZ1RegsFile)

DcsmZ2RegsFile 
*          1    0005f040    00000024     UNINITIALIZED
                  0005f040    00000024     F2837xD_GlobalVariableDefs.obj (DcsmZ2RegsFile)

DcsmCommonRegsFile 
*          1    0005f070    00000008     UNINITIALIZED
                  0005f070    00000008     F2837xD_GlobalVariableDefs.obj (DcsmCommonRegsFile)

MemCfgRegsFile 
*          1    0005f400    00000080     UNINITIALIZED
                  0005f400    00000080     F2837xD_GlobalVariableDefs.obj (MemCfgRegsFile)

Emif1ConfigRegsFile 
*          1    0005f480    00000020     UNINITIALIZED
                  0005f480    00000020     F2837xD_GlobalVariableDefs.obj (Emif1ConfigRegsFile)

Emif2ConfigRegsFile 
*          1    0005f4a0    00000020     UNINITIALIZED
                  0005f4a0    00000020     F2837xD_GlobalVariableDefs.obj (Emif2ConfigRegsFile)

AccessProtectionRegsFile 
*          1    0005f4c0    00000040     UNINITIALIZED
                  0005f4c0    00000040     F2837xD_GlobalVariableDefs.obj (AccessProtectionRegsFile)

MemoryErrorRegsFile 
*          1    0005f500    00000040     UNINITIALIZED
                  0005f500    00000040     F2837xD_GlobalVariableDefs.obj (MemoryErrorRegsFile)

RomWaitStateRegsFile 
*          1    0005f540    00000002     UNINITIALIZED
                  0005f540    00000002     F2837xD_GlobalVariableDefs.obj (RomWaitStateRegsFile)

Flash0CtrlRegsFile 
*          1    0005f800    00000182     UNINITIALIZED
                  0005f800    00000182     F2837xD_GlobalVariableDefs.obj (Flash0CtrlRegsFile)

Flash0EccRegsFile 
*          1    0005fb00    00000028     UNINITIALIZED
                  0005fb00    00000028     F2837xD_GlobalVariableDefs.obj (Flash0EccRegsFile)

DcsmZ1OtpFile 
*          1    00078000    00000020     NOLOAD SECTION
                  00078000    00000020     F2837xD_GlobalVariableDefs.obj (DcsmZ1OtpFile)

DcsmZ2OtpFile 
*          1    00078200    00000020     NOLOAD SECTION
                  00078200    00000020     F2837xD_GlobalVariableDefs.obj (DcsmZ2OtpFile)

DevCfgRegsFile 
*          1    0005d000    0000012e     UNINITIALIZED
                  0005d000    0000012e     F2837xD_GlobalVariableDefs.obj (DevCfgRegsFile)

ClkCfgRegsFile 
*          1    0005d200    00000032     UNINITIALIZED
                  0005d200    00000032     F2837xD_GlobalVariableDefs.obj (ClkCfgRegsFile)

CpuSysRegsFile 
*          1    0005d300    00000082     UNINITIALIZED
                  0005d300    00000082     F2837xD_GlobalVariableDefs.obj (CpuSysRegsFile)

Clb2LogicCtrlRegsFile 
*          1    00001100    00000040     UNINITIALIZED
                  00001100    00000040     PM_endat22_lib.lib : F2837xD_GlobalVariableDefs_clb.obj (Clb2LogicCtrlRegsFile)

Clb4LogicCtrlRegsFile 
*          1    00001480    00000040     UNINITIALIZED
                  00001480    00000040     PM_endat22_lib.lib : F2837xD_GlobalVariableDefs_clb.obj (Clb4LogicCtrlRegsFile)

Clb3DataExchgRegsFile 
*          1    0000c000    00000200     UNINITIALIZED
                  0000c000    00000200     PM_endat22_lib.lib : F2837xD_GlobalVariableDefs_clb.obj (Clb3DataExchgRegsFile)

Clb4DataExchgRegsFile 
*          1    0000c200    00000200     UNINITIALIZED
                  0000c200    00000200     PM_endat22_lib.lib : F2837xD_GlobalVariableDefs_clb.obj (Clb4DataExchgRegsFile)

MODULE SUMMARY

       Module                               code    initialized data   uninitialized data
       ------                               ----    ----------------   ------------------
    .\
       F2837xD_GlobalVariableDefs.obj       0       0                  8759              
       main.obj                             3485    559                1614              
       F2837xD_DefaultISR.obj               1413    0                  0                 
       endat.obj                            821     0                  414               
       endat_commands.obj                   834     0                  2                 
       F2837xD_SysCtrl.obj                  827     0                  0                 
       SciStdio.obj                         785     28                 0                 
       uart.obj                             745     0                  0                 
       F2837xD_Gpio.obj                     580     0                  0                 
       F2837xD_PieVect.obj                  38      448                0                 
       interrupt.obj                        473     0                  0                 
       state_machine.obj                    0       147                144               
       F2837xD_EPwm.obj                     253     0                  0                 
       F2837xD_Ipc_Driver.obj               0       0                  136               
       Sci.obj                              71      0                  0                 
       F2837xD_PieCtrl.obj                  40      0                  0                 
       F2837xD_usDelay.obj                  4       0                  0                 
       sysctl.obj                           4       0                  0                 
       F2837xD_CodeStartBranch.obj          2       0                  0                 
    +--+------------------------------------+-------+------------------+--------------------+
       Total:                               10375   1182               11069             
                                                                                         
    .\utility Src Files\
       DLOG_4CH_F.obj                       219     0                  0                 
       MESSAGE_F.obj                        205     0                  0                 
    +--+------------------------------------+-------+------------------+--------------------+
       Total:                               424     0                  0                 
                                                                                         
    ../Float/lib/PM_endat22_lib.lib
       F2837xD_GlobalVariableDefs_clb.obj   0       0                  2624              
       clb_config.obj                       2169    0                  0                 
       PM_endat22_Source.obj                1812    0                  0                 
       crc.obj                              394     0                  0                 
       F2837xD_Clb_drivers.obj              214     24                 0                 
    +--+------------------------------------+-------+------------------+--------------------+
       Total:                               4589    24                 2624              
                                                                                         
    C:/ti/controlSUITE/libs/dsp/VCU/v2_10_00_00/lib/c28x_vcu0_library_fpu32.lib
       vcu0_crc_16.obj                      129     0                  0                 
    +--+------------------------------------+-------+------------------+--------------------+
       Total:                               129     0                  0                 
                                                                                         
    C:\ti\ccs1011\ccs\tools\compiler\ti-cgt-c2000_20.2.1.LTS\lib\rts2800_fpu32.lib
       fs_div28.asm.obj                     136     0                  0                 
       s_floorf.c.obj                       89      2                  0                 
       boot28.asm.obj                       86      0                  0                 
       exit.c.obj                           41      14                 6                 
       cpy_tbl.c.obj                        36      0                  0                 
       memcpy.c.obj                         29      0                  0                 
       ll_aox28.asm.obj                     24      0                  0                 
       _lock.c.obj                          9       10                 4                 
       args_main.c.obj                      18      0                  0                 
       u_div28.asm.obj                      11      0                  0                 
       pre_init.c.obj                       2       0                  0                 
       startup.c.obj                        1       0                  0                 
    +--+------------------------------------+-------+------------------+--------------------+
       Total:                               482     26                 10                
                                                                                         
       Stack:                               0       0                  896               
    +--+------------------------------------+-------+------------------+--------------------+
       Grand Total:                         15999   1232               14599             


GLOBAL DATA SYMBOLS: SORTED BY DATA PAGE

address     data page           name
--------    ----------------    ----
00000400      10 (00000400)     __stack

00000780      1e (00000780)     _Clb1LogicCfgRegs

000007c0      1f (000007c0)     _Clb1LogicCtrlRegs

00000b00      2c (00000b00)     _AdcaResultRegs
00000b20      2c (00000b00)     _AdcbResultRegs

00000b40      2d (00000b40)     _AdccResultRegs
00000b60      2d (00000b40)     _AdcdResultRegs

00000c00      30 (00000c00)     _CpuTimer0Regs
00000c08      30 (00000c00)     _CpuTimer1Regs
00000c10      30 (00000c00)     _CpuTimer2Regs

00000ce0      33 (00000cc0)     _Cla1SoftIntRegs
00000ce0      33 (00000cc0)     _PieCtrlRegs

00000d00      34 (00000d00)     _EmuKey
00000d00      34 (00000d00)     _PieVectTable
00000d01      34 (00000d00)     _EmuBMode

00000ec0      3b (00000ec0)     _Clb2LogicCfgRegs

00001000      40 (00001000)     _DmaRegs

00001100      44 (00001100)     _Clb2LogicCtrlRegs

00001140      45 (00001140)     _Clb3LogicCfgRegs

00001180      46 (00001180)     _Clb3LogicCtrlRegs

000011c0      47 (000011c0)     _Clb4LogicCfgRegs

00001400      50 (00001400)     _Cla1Regs

00001480      52 (00001480)     _Clb4LogicCtrlRegs

00004000     100 (00004000)     _EPwm1Regs

00004100     104 (00004100)     _EPwm2Regs

00004200     108 (00004200)     _EPwm3Regs

00004300     10c (00004300)     _EPwm4Regs

00004400     110 (00004400)     _EPwm5Regs

00004500     114 (00004500)     _EPwm6Regs

00004600     118 (00004600)     _EPwm7Regs

00004700     11c (00004700)     _EPwm8Regs

00004800     120 (00004800)     _EPwm9Regs

00004900     124 (00004900)     _EPwm10Regs

00004a00     128 (00004a00)     _EPwm11Regs

00004b00     12c (00004b00)     _EPwm12Regs

00005000     140 (00005000)     _ECap1Regs
00005020     140 (00005000)     _ECap2Regs

00005040     141 (00005040)     _ECap3Regs
00005060     141 (00005040)     _ECap4Regs

00005080     142 (00005080)     _ECap5Regs
000050a0     142 (00005080)     _ECap6Regs

00005100     144 (00005100)     _EQep1Regs

00005140     145 (00005140)     _EQep2Regs

00005180     146 (00005180)     _EQep3Regs

00005c00     170 (00005c00)     _DacaRegs
00005c10     170 (00005c00)     _DacbRegs
00005c20     170 (00005c00)     _DaccRegs

00005c80     172 (00005c80)     _Cmpss1Regs
00005ca0     172 (00005c80)     _Cmpss2Regs

00005cc0     173 (00005cc0)     _Cmpss3Regs
00005ce0     173 (00005cc0)     _Cmpss4Regs

00005d00     174 (00005d00)     _Cmpss5Regs
00005d20     174 (00005d00)     _Cmpss6Regs

00005d40     175 (00005d40)     _Cmpss7Regs
00005d60     175 (00005d40)     _Cmpss8Regs

00005e00     178 (00005e00)     _Sdfm1Regs

00005e80     17a (00005e80)     _Sdfm2Regs

00006000     180 (00006000)     _McbspaRegs

00006040     181 (00006040)     _McbspbRegs

00006100     184 (00006100)     _SpiaRegs
00006110     184 (00006100)     _SpibRegs
00006120     184 (00006100)     _SpicRegs

00006200     188 (00006200)     _UppRegs

00007000     1c0 (00007000)     _WdRegs

00007060     1c1 (00007040)     _NmiIntruptRegs
00007070     1c1 (00007040)     _XintRegs

00007200     1c8 (00007200)     _SciaRegs
00007210     1c8 (00007200)     _ScibRegs
00007220     1c8 (00007200)     _ScicRegs
00007230     1c8 (00007200)     _ScidRegs

00007300     1cc (00007300)     _I2caRegs

00007340     1cd (00007340)     _I2cbRegs

00007400     1d0 (00007400)     _AdcaRegs

00007480     1d2 (00007480)     _AdcbRegs

00007500     1d4 (00007500)     _AdccRegs

00007580     1d6 (00007580)     _AdcdRegs

00007900     1e4 (00007900)     _InputXbarRegs
00007920     1e4 (00007900)     _XbarRegs

00007940     1e5 (00007940)     _SyncSocRegs

00007980     1e6 (00007980)     _DmaClaSrcSelRegs

00007a00     1e8 (00007a00)     _EPwmXbarRegs

00007a40     1e9 (00007a40)     _ClbXbarRegs

00007a80     1ea (00007a80)     _OutputXbarRegs

00007c00     1f0 (00007c00)     _GpioCtrlRegs

00007f00     1fc (00007f00)     _GpioDataRegs

0000b000     2c0 (0000b000)     _clkPrescale
0000b001     2c0 (0000b000)     _sampwin
0000b002     2c0 (0000b000)     _thresh
0000b003     2c0 (0000b000)     _LEM_curHi
0000b004     2c0 (0000b000)     _LEM_curLo
0000b005     2c0 (0000b000)     _OffsetCalCounter
0000b006     2c0 (0000b000)     _crc5_self
0000b007     2c0 (0000b000)     _lsw
0000b008     2c0 (0000b000)     _RunMotor
0000b009     2c0 (0000b000)     _test
0000b00c     2c0 (0000b000)     _adc_cal
0000b00e     2c0 (0000b000)     _offset_lemU
0000b010     2c0 (0000b000)     _offset_lemV
0000b012     2c0 (0000b000)     _offset_lemW
0000b014     2c0 (0000b000)     _K1
0000b016     2c0 (0000b000)     _K2
0000b018     2c0 (0000b000)     _T
0000b01a     2c0 (0000b000)     _VdTesting
0000b01c     2c0 (0000b000)     _VqTesting
0000b01e     2c0 (0000b000)     _IdRef
0000b020     2c0 (0000b000)     _IqRef
0000b022     2c0 (0000b000)     _SpeedRef
0000b024     2c0 (0000b000)     _DlogCh1
0000b026     2c0 (0000b000)     _DlogCh2
0000b028     2c0 (0000b000)     _DlogCh3
0000b02a     2c0 (0000b000)     _DlogCh4
0000b02c     2c0 (0000b000)     _cntr
0000b02e     2c0 (0000b000)     _alignCnt
0000b030     2c0 (0000b000)     _IdRef_start
0000b032     2c0 (0000b000)     _IdRef_run
0000b034     2c0 (0000b000)     _IsrTicker
0000b036     2c0 (0000b000)     _IsrTxTicker
0000b038     2c0 (0000b000)     _current_sensor

0000b040     2c1 (0000b040)     _ActualValues2
0000b046     2c1 (0000b040)     _SetPoints
0000b04d     2c1 (0000b040)     _ActualValues1
0000b054     2c1 (0000b040)     _clarke1
0000b05e     2c1 (0000b040)     _rg1
0000b06a     2c1 (0000b040)     _park1

0000b080     2c2 (0000b080)     _ipark1
0000b08e     2c2 (0000b080)     _rc1
0000b09e     2c2 (0000b080)     _rc2
0000b0ae     2c2 (0000b080)     _svgen1

0000b0c0     2c3 (0000b0c0)     _qep1
0000b0d2     2c3 (0000b0c0)     _speed1
0000b0e6     2c3 (0000b0c0)     _pi_id

0000b100     2c4 (0000b100)     _pi_iq
0000b118     2c4 (0000b100)     _dlog_4ch1

0000b140     2c5 (0000b140)     _FOC
0000b166     2c5 (0000b140)     _ePWM

0000b180     2c6 (0000b180)     _DBUFF_4CH1

0000b2ac     2ca (0000b280)     _posEncElecTheta
0000b2b8     2ca (0000b280)     _eQEP
0000b2be     2ca (0000b280)     __lock

0000b2c0     2cb (0000b2c0)     _DBUFF_4CH2

0000b3ec     2cf (0000b3c0)     _posEncMechTheta
0000b3f8     2cf (0000b3c0)     ___TI_enable_exit_profile_output
0000b3fa     2cf (0000b3c0)     ___TI_cleanup_ptr
0000b3fc     2cf (0000b3c0)     ___TI_dtors_ptr
0000b3fe     2cf (0000b3c0)     __unlock

0000b400     2d0 (0000b400)     _DBUFF_4CH3

0000b52c     2d4 (0000b500)     _crc5_result1
0000b52d     2d4 (0000b500)     _retval

0000b540     2d5 (0000b540)     _DBUFF_4CH4

0000b680     2da (0000b680)     _endat22CRCtable

0000b780     2de (0000b780)     _crc5_result
0000b781     2de (0000b780)     _retval1

0000b7c0     2df (0000b7c0)     _endat22Data

0000b840     2e1 (0000b840)     _state_table

0000b8d0     2e3 (0000b8c0)     _PieVectTableInit

0000bb78     2ed (0000bb40)     _CLBptrs

0000bbc0     2ef (0000bbc0)     _Clb1DataExchgRegs

0000bdc0     2f7 (0000bdc0)     _Clb2DataExchgRegs

0000c000     300 (0000c000)     _Clb3DataExchgRegs

0000c200     308 (0000c200)     _Clb4DataExchgRegs

0003f800     fe0 (0003f800)     _g_asIPCCPU2toCPU1Buffers

0003f880     fe2 (0003f880)     _g_usGetWriteIndexes
0003f884     fe2 (0003f880)     _g_usPutReadIndexes

0003fc00     ff0 (0003fc00)     _g_asIPCCPU1toCPU2Buffers

0003fc80     ff2 (0003fc80)     _g_usPutWriteIndexes
0003fc84     ff2 (0003fc80)     _g_usGetReadIndexes

00047000    11c0 (00047000)     _Emif1Regs

00047800    11e0 (00047800)     _Emif2Regs

00048000    1200 (00048000)     _CanaRegs

0004a000    1280 (0004a000)     _CanbRegs

00050000    1400 (00050000)     _IpcRegs
00050024    1400 (00050000)     _FlashPumpSemaphoreRegs

0005d000    1740 (0005d000)     _DevCfgRegs

0005d180    1746 (0005d180)     _AnalogSubsysRegs

0005d200    1748 (0005d200)     _ClkCfgRegs

0005d300    174c (0005d300)     _CpuSysRegs

0005e608    1798 (0005e600)     _RomPrefetchRegs

0005f000    17c0 (0005f000)     _DcsmZ1Regs

0005f040    17c1 (0005f040)     _DcsmZ2Regs
0005f070    17c1 (0005f040)     _DcsmCommonRegs

0005f400    17d0 (0005f400)     _MemCfgRegs

0005f480    17d2 (0005f480)     _Emif1ConfigRegs
0005f4a0    17d2 (0005f480)     _Emif2ConfigRegs

0005f4c0    17d3 (0005f4c0)     _AccessProtectionRegs

0005f500    17d4 (0005f500)     _MemoryErrorRegs

0005f540    17d5 (0005f540)     _RomWaitStateRegs

0005f800    17e0 (0005f800)     _Flash0CtrlRegs

0005fb00    17ec (0005fb00)     _Flash0EccRegs

00078000    1e00 (00078000)     _DcsmZ1Otp

00078200    1e08 (00078200)     _DcsmZ2Otp


GLOBAL SYMBOLS: SORTED ALPHABETICALLY BY Name 

page  address   name                                  
----  -------   ----                                  
abs   ffffffff  .text                                 
0     00010ba8  C$$EXIT                               
0     00010957  FS$$DIV                               
0     000003e4  LL$$AND                               
0     000003ec  LL$$OR                                
0     000003f4  LL$$XOR                               
0     00010c81  U$$DIV                                
0     00010c86  U$$MOD                                
0     0001094f  _ACTUALVALUE1_can_TX                  
0     0001089c  _ACTUALVALUE1_init                    
0     000108bd  _ACTUALVALUE1_uart_TX                 
0     00010953  _ACTUALVALUE2_can_TX                  
0     000108ad  _ACTUALVALUE2_init                    
0     00010908  _ACTUALVALUE2_uart_TX                 
0     0000995e  _ADCA1_ISR                            
0     00009bde  _ADCA2_ISR                            
0     00009be8  _ADCA3_ISR                            
0     00009bf2  _ADCA4_ISR                            
0     00009bd4  _ADCA_EVT_ISR                         
0     00009968  _ADCB1_ISR                            
0     00009c06  _ADCB2_ISR                            
0     00009c10  _ADCB3_ISR                            
0     00009c1a  _ADCB4_ISR                            
0     00009bfc  _ADCB_EVT_ISR                         
0     00009972  _ADCC1_ISR                            
0     00009d6e  _ADCC2_ISR                            
0     00009d78  _ADCC3_ISR                            
0     00009d82  _ADCC4_ISR                            
0     00009d64  _ADCC_EVT_ISR                         
0     00009990  _ADCD1_ISR                            
0     00009d96  _ADCD2_ISR                            
0     00009da0  _ADCD3_ISR                            
0     00009daa  _ADCD4_ISR                            
0     00009d8c  _ADCD_EVT_ISR                         
0     00009de6  _AUX_PLL_SLIP_ISR                     
1     0005f4c0  _AccessProtectionRegs                 
1     0000b04d  _ActualValues1                        
1     0000b040  _ActualValues2                        
1     00007400  _AdcaRegs                             
1     00000b00  _AdcaResultRegs                       
1     00007480  _AdcbRegs                             
1     00000b20  _AdcbResultRegs                       
1     00007500  _AdccRegs                             
1     00000b40  _AdccResultRegs                       
1     00007580  _AdcdRegs                             
1     00000b60  _AdcdResultRegs                       
1     0005d180  _AnalogSubsysRegs                     
0     0000a8d8  _AuxAuxClkSel                         
0     0000a8c2  _AuxIntOsc2Sel                        
0     0000a8cc  _AuxXtalOscSel                        
0     00009bac  _CANA0_ISR                            
0     00009bb6  _CANA1_ISR                            
0     00009bc0  _CANB0_ISR                            
0     00009bca  _CANB1_ISR                            
0     000080fb  _CAN_A_init                           
0     00009c24  _CLA1_1_ISR                           
0     00009c2e  _CLA1_2_ISR                           
0     00009c38  _CLA1_3_ISR                           
0     00009c42  _CLA1_4_ISR                           
0     00009c4c  _CLA1_5_ISR                           
0     00009c56  _CLA1_6_ISR                           
0     00009c60  _CLA1_7_ISR                           
0     00009c6a  _CLA1_8_ISR                           
0     00009df0  _CLA_OVERFLOW_ISR                     
0     00009dfa  _CLA_UNDERFLOW_ISR                    
1     0000bb78  _CLBptrs                              
1     00048000  _CanaRegs                             
1     0004a000  _CanbRegs                             
0     00010151  _CheckCRC                             
1     00001400  _Cla1Regs                             
0     00000ce0  _Cla1SoftIntRegs                      
1     0000bbc0  _Clb1DataExchgRegs                    
1     00000780  _Clb1LogicCfgRegs                     
1     000007c0  _Clb1LogicCtrlRegs                    
1     0000bdc0  _Clb2DataExchgRegs                    
1     00000ec0  _Clb2LogicCfgRegs                     
1     00001100  _Clb2LogicCtrlRegs                    
1     0000c000  _Clb3DataExchgRegs                    
1     00001140  _Clb3LogicCfgRegs                     
1     00001180  _Clb3LogicCtrlRegs                    
1     0000c200  _Clb4DataExchgRegs                    
1     000011c0  _Clb4LogicCfgRegs                     
1     00001480  _Clb4LogicCtrlRegs                    
1     00007a40  _ClbXbarRegs                          
0     0000afcc  _Clb_clearFIFOs                       
0     0000af8f  _Clb_clearHLC                         
0     0000af7d  _Clb_configLut3                       
0     0000af3b  _Clb_getCRC                           
0     0000af26  _Clb_writeInterface                   
1     0005d200  _ClkCfgRegs                           
1     00005c80  _Cmpss1Regs                           
1     00005ca0  _Cmpss2Regs                           
1     00005cc0  _Cmpss3Regs                           
1     00005ce0  _Cmpss4Regs                           
1     00005d00  _Cmpss5Regs                           
1     00005d20  _Cmpss6Regs                           
1     00005d40  _Cmpss7Regs                           
1     00005d60  _Cmpss8Regs                           
1     0005d300  _CpuSysRegs                           
1     00000c00  _CpuTimer0Regs                        
1     00000c08  _CpuTimer1Regs                        
1     00000c10  _CpuTimer2Regs                        
0     0000a881  _CsmUnlock                            
0     000098b4  _DATALOG_ISR                          
1     0000b180  _DBUFF_4CH1                           
1     0000b2c0  _DBUFF_4CH2                           
1     0000b400  _DBUFF_4CH3                           
1     0000b540  _DBUFF_4CH4                           
0     000107eb  _DLOG_4CH_F_FUNC                      
0     000107af  _DLOG_4CH_F_init                      
0     00009af8  _DMA_CH1_ISR                          
0     00009b02  _DMA_CH2_ISR                          
0     00009b0c  _DMA_CH3_ISR                          
0     00009b16  _DMA_CH4_ISR                          
0     00009b20  _DMA_CH5_ISR                          
0     00009b2a  _DMA_CH6_ISR                          
1     00005c00  _DacaRegs                             
1     00005c10  _DacbRegs                             
1     00005c20  _DaccRegs                             
1     0005f070  _DcsmCommonRegs                       
1     00078000  _DcsmZ1Otp                            
1     0005f000  _DcsmZ1Regs                           
1     00078200  _DcsmZ2Otp                            
1     0005f040  _DcsmZ2Regs                           
1     0005d000  _DevCfgRegs                           
0     0000a6e5  _DisableDog                           
0     0000a6a6  _DisablePeripheralClocks              
1     0000b024  _DlogCh1                              
1     0000b026  _DlogCh2                              
1     0000b028  _DlogCh3                              
1     0000b02a  _DlogCh4                              
1     00007980  _DmaClaSrcSelRegs                     
1     00001000  _DmaRegs                              
0     00009a4e  _ECAP1_ISR                            
0     00009a58  _ECAP2_ISR                            
0     00009a62  _ECAP3_ISR                            
0     00009a6c  _ECAP4_ISR                            
0     00009a76  _ECAP5_ISR                            
0     00009a80  _ECAP6_ISR                            
1     00005000  _ECap1Regs                            
1     00005020  _ECap2Regs                            
1     00005040  _ECap3Regs                            
1     00005060  _ECap4Regs                            
1     00005080  _ECap5Regs                            
1     000050a0  _ECap6Regs                            
0     00009db4  _EMIF_ERROR_ISR                       
0     00009e0e  _EMPTY_ISR                            
0     000098c8  _EMU_ISR                              
0     00009d0a  _EPWM10_ISR                           
0     00009ce2  _EPWM10_TZ_ISR                        
0     00009d14  _EPWM11_ISR                           
0     00009cec  _EPWM11_TZ_ISR                        
0     00009d1e  _EPWM12_ISR                           
0     00009cf6  _EPWM12_TZ_ISR                        
0     000099fe  _EPWM1_ISR                            
0     000099ae  _EPWM1_TZ_ISR                         
0     00009a08  _EPWM2_ISR                            
0     000099b8  _EPWM2_TZ_ISR                         
0     00009a12  _EPWM3_ISR                            
0     000099c2  _EPWM3_TZ_ISR                         
0     00010141  _EPWM4_Config                         
0     00009a1c  _EPWM4_ISR                            
0     000099cc  _EPWM4_TZ_ISR                         
0     00009a26  _EPWM5_ISR                            
0     000099d6  _EPWM5_TZ_ISR                         
0     00009a30  _EPWM6_ISR                            
0     000099e0  _EPWM6_TZ_ISR                         
0     00009a3a  _EPWM7_ISR                            
0     000099ea  _EPWM7_TZ_ISR                         
0     00009a44  _EPWM8_ISR                            
0     000099f4  _EPWM8_TZ_ISR                         
0     00009d00  _EPWM9_ISR                            
0     00009cd8  _EPWM9_TZ_ISR                         
1     00004900  _EPwm10Regs                           
1     00004a00  _EPwm11Regs                           
1     00004b00  _EPwm12Regs                           
1     00004000  _EPwm1Regs                            
1     00004100  _EPwm2Regs                            
1     00004200  _EPwm3Regs                            
1     00004300  _EPwm4Regs                            
1     00004400  _EPwm5Regs                            
1     00004500  _EPwm6Regs                            
1     00004600  _EPwm7Regs                            
1     00004700  _EPwm8Regs                            
1     00004800  _EPwm9Regs                            
1     00007a00  _EPwmXbarRegs                         
0     00009a8a  _EQEP1_ISR                            
0     00009a94  _EQEP2_ISR                            
0     00009a9e  _EQEP3_ISR                            
1     00005100  _EQep1Regs                            
1     00005140  _EQep2Regs                            
1     00005180  _EQep3Regs                            
1     0005f480  _Emif1ConfigRegs                      
1     00047000  _Emif1Regs                            
1     0005f4a0  _Emif2ConfigRegs                      
1     00047800  _Emif2Regs                            
1     00000d01  _EmuBMode                             
1     00000d00  _EmuKey                               
0     00010000  _EnDat_Init                           
0     000100be  _EnDat_initDelayComp                  
0     00010bf0  _EnableInterrupts                     
0     000100b6  _Endat_config_XBAR                    
0     0001007a  _Endat_setup_GPIO                     
0     00000211  _F28x_usDelay                         
0     00009dc8  _FLASH_CORRECTABLE_ERROR_ISR          
1     0000b140  _FOC                                  
0     00009e41  _FOC_Fast_ISR                         
0     00009c9c  _FPU_OVERFLOW_ISR                     
0     00009ca6  _FPU_UNDERFLOW_ISR                    
1     0005f800  _Flash0CtrlRegs                       
1     0005fb00  _Flash0EccRegs                        
1     00050024  _FlashPumpSemaphoreRegs               
0     000104dd  _GPIO_EnableUnbondedIOPullups         
0     000104b8  _GPIO_EnableUnbondedIOPullupsFor100Pin
0     0001049f  _GPIO_EnableUnbondedIOPullupsFor176Pin
0     000104f3  _GPIO_ReadPin                         
0     00010444  _GPIO_SetupLock                       
0     00010324  _GPIO_SetupPinMux                     
0     000103b0  _GPIO_SetupPinOptions                 
0     0001046d  _GPIO_SetupXINT1Gpio                  
0     00010477  _GPIO_SetupXINT2Gpio                  
0     00010481  _GPIO_SetupXINT3Gpio                  
0     0001048b  _GPIO_SetupXINT4Gpio                  
0     00010495  _GPIO_SetupXINT5Gpio                  
0     0001050a  _GPIO_WritePin                        
1     00007c00  _GpioCtrlRegs                         
1     00007f00  _GpioDataRegs                         
0     0000a8f6  _HALT                                 
0     0000a90f  _HIB                                  
0     000085c9  _HVDMC_Protection                     
0     00009b3e  _I2CA_FIFO_ISR                        
0     00009b34  _I2CA_ISR                             
0     00009b52  _I2CB_FIFO_ISR                        
0     00009b48  _I2CB_ISR                             
1     00007300  _I2caRegs                             
1     00007340  _I2cbRegs                             
0     0000a8e2  _IDLE                                 
0     000098dc  _ILLEGAL_ISR                          
0     00009cb0  _IPC0_ISR                             
0     00009cba  _IPC1_ISR                             
0     00009cc4  _IPC2_ISR                             
0     00009cce  _IPC3_ISR                             
1     0000b01e  _IdRef                                
1     0000b032  _IdRef_run                            
1     0000b030  _IdRef_start                          
0     0000a7b9  _InitAuxPll                           
0     00008340  _InitEPWM_1ch_UpCnt_CNF               
0     00010775  _InitEPwm10Gpio                       
0     00010788  _InitEPwm11Gpio                       
0     0001079c  _InitEPwm12Gpio                       
0     000106cb  _InitEPwm1Gpio                        
0     00008230  _InitEPwm1ch_UpDwnCnt_CNF             
0     000106dd  _InitEPwm2Gpio                        
0     000106ef  _InitEPwm3Gpio                        
0     00010703  _InitEPwm4Gpio                        
0     00010717  _InitEPwm5Gpio                        
0     00010729  _InitEPwm6Gpio                        
0     0001073b  _InitEPwm7Gpio                        
0     0001074f  _InitEPwm8Gpio                        
0     00010763  _InitEPwm9Gpio                        
0     000106b2  _InitEPwmGpio                         
0     000102e4  _InitGpio                             
0     000080e6  _InitLED                              
0     0000a622  _InitPeripheralClocks                 
0     00010bd1  _InitPieCtrl                          
0     00010bf9  _InitPieVectTable                     
0     00010b61  _InitSciaGpio                         
0     0000a5f1  _InitSysCtrl                          
0     0000a6f3  _InitSysPll                           
1     00007900  _InputXbarRegs                        
0     00010c72  _IntDefaultHandler                    
0     000002e5  _IntDisable                           
0     00000252  _IntEnable                            
0     00000365  _IntIFRClear                          
0     00000222  _IntMasterDisable                     
0     0000021a  _IntMasterEnable                      
0     0000022a  _IntRegister                          
0     0000023d  _IntUnregister                        
1     00050000  _IpcRegs                              
1     0000b020  _IqRef                                
1     0000b034  _IsrTicker                            
1     0000b036  _IsrTxTicker                          
1     0000b014  _K1                                   
1     0000b016  _K2                                   
1     0000b003  _LEM_curHi                            
1     0000b004  _LEM_curLo                            
0     00009ad0  _MCBSPA_RX_ISR                        
0     00009ada  _MCBSPA_TX_ISR                        
0     00009ae4  _MCBSPB_RX_ISR                        
0     00009aee  _MCBSPB_TX_ISR                        
1     00006000  _McbspaRegs                           
1     00006040  _McbspbRegs                           
1     0005f400  _MemCfgRegs                           
1     0005f500  _MemoryErrorRegs                      
0     000098d2  _NMI_ISR                              
0     00009e1b  _NOTUSED_ISR                          
1     00007060  _NmiIntruptRegs                       
1     0000b005  _OffsetCalCounter                     
1     00007a80  _OutputXbarRegs                       
0     00009e04  _PIE_RESERVED_ISR                     
0     0001064d  _PM_endat22_generateCRCTable          
0     00010638  _PM_endat22_getCrcNorm                
0     000105a0  _PM_endat22_getCrcPos                 
0     0001057f  _PM_endat22_getCrcTest                
0     00009897  _PM_endat22_getDelayCompVal           
0     00009732  _PM_endat22_receiveData               
0     00009704  _PM_endat22_setFreq                   
0     00009456  _PM_endat22_setupCommand              
0     00009447  _PM_endat22_setupPeriph               
0     00009426  _PM_endat22_startOperation            
1     00000ce0  _PieCtrlRegs                          
1     00000d00  _PieVectTable                         
1     0000b8d0  _PieVectTableInit                     
0     00009dd2  _RAM_ACCESS_VIOLATION_ISR             
0     00009dbe  _RAM_CORRECTABLE_ERROR_ISR            
0     000098be  _RTOS_ISR                             
0     0000a6cd  _ReleaseFlashPump                     
1     0005e608  _RomPrefetchRegs                      
1     0005f540  _RomWaitStateRegs                     
1     0000b008  _RunMotor                             
0     00009b84  _SCIA_RX_ISR                          
0     00009b8e  _SCIA_TX_ISR                          
0     00009b98  _SCIB_RX_ISR                          
0     00009ba2  _SCIB_TX_ISR                          
0     00009b5c  _SCIC_RX_ISR                          
0     00009b66  _SCIC_TX_ISR                          
0     00010b95  _SCIConsoleGetc                       
0     00010ba1  _SCIConsoleInit                       
0     00010b89  _SCIConsolePutc                       
0     00009b70  _SCID_RX_ISR                          
0     00009b7a  _SCID_TX_ISR                          
0     0000aa59  _SCIGetHexNum                         
0     0000aa24  _SCIGetNum                            
0     0000aad2  _SCIGetc                              
0     0000a956  _SCIGets                              
0     0000a9ca  _SCIPutHexNum                         
0     0000a97c  _SCIPutNum                            
0     0000aacc  _SCIPutc                              
0     0000a92f  _SCIPuts                              
0     0000a92c  _SCIStdioInit                         
0     0000aaef  _SCIprintf                            
0     0000aad5  _SCIwrite                             
0     00009d28  _SD1_ISR                              
0     00009d32  _SD2_ISR                              
0     0001088a  _SETPOINTS_init                       
0     00009aa8  _SPIA_RX_ISR                          
0     00009ab2  _SPIA_TX_ISR                          
0     00009abc  _SPIB_RX_ISR                          
0     00009ac6  _SPIB_TX_ISR                          
0     00009d3c  _SPIC_RX_ISR                          
0     00009d46  _SPIC_TX_ISR                          
0     0000a8eb  _STANDBY                              
0     00009ddc  _SYS_PLL_SLIP_ISR                     
1     00007200  _SciaRegs                             
1     00007210  _ScibRegs                             
1     00007220  _ScicRegs                             
1     00007230  _ScidRegs                             
1     00005e00  _Sdfm1Regs                            
1     00005e80  _Sdfm2Regs                            
0     0000a6be  _SeizeFlashPump                       
0     0000a6d7  _ServiceDog                           
1     0000b046  _SetPoints                            
1     0000b022  _SpeedRef                             
1     00006100  _SpiaRegs                             
1     00006110  _SpibRegs                             
1     00006120  _SpicRegs                             
1     00007940  _SyncSocRegs                          
0     00000215  _SysCtlDelay                          
0     0000a8a2  _SysIntOsc1Sel                        
0     0000a8ac  _SysIntOsc2Sel                        
0     0000a8b6  _SysXtalOscSel                        
1     0000b018  _T                                    
0     0000999a  _TIMER0_ISR                           
0     000098a0  _TIMER1_ISR                           
0     000098aa  _TIMER2_ISR                           
0     0000add9  _UARTBusy                             
0     0000ada1  _UARTCharGet                          
0     0000ad7c  _UARTCharGetNonBlocking               
0     0000adcc  _UARTCharPut                          
0     0000adb9  _UARTCharPutNonBlocking               
0     0000ad45  _UARTCharsAvail                       
0     0000acc7  _UARTConfigGetExpClk                  
0     0000ac98  _UARTConfigSetExpClk                  
0     0000acf5  _UARTDisable                          
0     0000aceb  _UARTEnable                           
0     0000ad22  _UARTFIFODisable                      
0     0000ad19  _UARTFIFOEnable                       
0     0000ac6a  _UARTFIFOIntLevelGet                  
0     0000ac50  _UARTFIFOIntLevelSet                  
0     0000ac80  _UARTFIFOLevelGet                     
0     0000aedd  _UARTIntClear                         
0     0000ae77  _UARTIntDisable                       
0     0000ae46  _UARTIntEnable                        
0     0000aead  _UARTIntStatus                        
0     0000ac47  _UARTParityModeGet                    
0     0000ac3d  _UARTParityModeSet                    
0     0000adea  _UARTRXIntRegister                    
0     0000ae1a  _UARTRXIntUnregister                  
0     0000af10  _UARTRxErrorClear                     
0     0000af0a  _UARTRxErrorGet                       
0     0000ad6b  _UARTSpaceAvail                       
0     0000ae02  _UARTTXIntRegister                    
0     0000ae30  _UARTTXIntUnregister                  
0     0000ad3b  _UARTTxIntModeGet                     
0     0000ad2b  _UARTTxIntModeSet                     
0     0000ad08  _UARTsetLoopBack                      
0     00009d50  _UPPA_ISR                             
0     00009d5a  _USBA_ISR                             
0     00009940  _USER10_ISR                           
0     0000994a  _USER11_ISR                           
0     00009954  _USER12_ISR                           
0     000098e6  _USER1_ISR                            
0     000098f0  _USER2_ISR                            
0     000098fa  _USER3_ISR                            
0     00009904  _USER4_ISR                            
0     0000990e  _USER5_ISR                            
0     00009918  _USER6_ISR                            
0     00009922  _USER7_ISR                            
0     0000992c  _USER8_ISR                            
0     00009936  _USER9_ISR                            
1     00006200  _UppRegs                              
0     00009c92  _VCU_ISR                              
1     0000b01a  _VdTesting                            
1     0000b01c  _VqTesting                            
0     000099a4  _WAKE_ISR                             
1     00007000  _WdRegs                               
0     0000997c  _XINT1_ISR                            
0     00009986  _XINT2_ISR                            
0     00009c74  _XINT3_ISR                            
0     00009c7e  _XINT4_ISR                            
0     00009c88  _XINT5_ISR                            
1     00007920  _XbarRegs                             
1     00007070  _XintRegs                             
1     00000780  __STACK_END                           
abs   00000380  __STACK_SIZE                          
1     0000b3fa  ___TI_cleanup_ptr                     
1     0000b3fc  ___TI_dtors_ptr                       
1     0000b3f8  ___TI_enable_exit_profile_output      
abs   ffffffff  ___TI_pprof_out_hndl                  
abs   ffffffff  ___TI_prof_data_size                  
abs   ffffffff  ___TI_prof_data_start                 
abs   ffffffff  ___binit__                            
abs   ffffffff  ___c_args__                           
0     00000002  ___cinit__                            
abs   ffffffff  ___etext__                            
abs   ffffffff  ___pinit__                            
abs   ffffffff  ___text__                             
0     00010c60  __args_main                           
1     0000b2be  __lock                                
0     00010c94  __nop                                 
0     00010c90  __register_lock                       
0     00010c8c  __register_unlock                     
1     00000400  __stack                               
0     000003fe  __system_post_cinit                   
0     000003fc  __system_pre_init                     
1     0000b3fe  __unlock                              
0     00010ba8  _abort                                
1     0000b00c  _adc_cal                              
0     00008487  _adc_dac_configure                    
0     00008438  _adc_init                             
0     00009e25  _adca1_isr                            
1     0000b02e  _alignCnt                             
0     00010aba  _c_int00                              
1     0000b054  _clarke1                              
1     0000b000  _clkPrescale                          
0     000086a2  _cmpssConfig                          
1     0000b02c  _cntr                                 
0     00010c1f  _copy_in                              
1     0000b780  _crc5_result                          
1     0000b52c  _crc5_result1                         
1     0000b006  _crc5_self                            
1     0000b038  _current_sensor                       
1     0000b118  _dlog_4ch1                            
1     0000b166  _ePWM                                 
1     0000b2b8  _eQEP                                 
0     00008590  _enDat_init                           
0     000102a8  _endat21_readPosition                 
0     0000a2af  _endat21_runCommandSet                
1     0000b680  _endat22CRCtable                      
1     0000b7c0  _endat22Data                          
0     00008f73  _endat22_CLB1_config                  
0     00008d5a  _endat22_CLB2_config                  
0     00008b34  _endat22_CLB3_config                  
0     00008913  _endat22_CLB4_config                  
0     000093d9  _endat22_Configure_CLB_LEN            
0     000093a2  _endat22_Configure_SPI_LEN            
0     000092e0  _endat22_GetBits                      
0     0000927f  _endat22_PutBits                      
0     0000923e  _endat22_clb_xbar_init                
0     00010528  _endat22_getCRC                       
0     00010244  _endat22_readPositionWithAddlData     
0     000091e9  _endat22_reset_CLB                    
0     000091e3  _endat22_reverse                      
0     0000a3e4  _endat22_runCommandSet                
0     0001015d  _endat22_setupAddlData                
0     0000918c  _endat22_spi_fifo_init                
0     000081bc  _epwm_init                            
0     0001013f  _error                                
0     00010baa  _exit                                 
0     00010a61  _floor                                
0     00010a61  _floorf                               
1     0003fc00  _g_asIPCCPU1toCPU2Buffers             
0     0003f800  _g_asIPCCPU2toCPU1Buffers             
1     0003fc84  _g_usGetReadIndexes                   
0     0003f880  _g_usGetWriteIndexes                  
0     0003f884  _g_usPutReadIndexes                   
1     0003fc80  _g_usPutWriteIndexes                  
0     000109e0  _getCRC16P1_vcu                       
0     00010a21  _getCRC16P2_vcu                       
1     0000b080  _ipark1                               
1     0000b007  _lsw                                  
0     00008000  _main                                 
0     000080fc  _mc34_init                            
0     00010c43  _memcpy                               
1     0000b00e  _offset_lemU                          
1     0000b010  _offset_lemV                          
1     0000b012  _offset_lemW                          
0     0000874e  _param_init                           
1     0000b06a  _park1                                
1     0000b0e6  _pi_id                                
1     0000b100  _pi_iq                                
1     0000b2ac  _posEncElecTheta                      
1     0000b3ec  _posEncMechTheta                      
1     0000b0c0  _qep1                                 
0     0000871e  _ramper                               
1     0000b08e  _rc1                                  
1     0000b09e  _rc2                                  
1     0000b52d  _retval                               
1     0000b781  _retval1                              
1     0000b05e  _rg1                                  
1     0000b001  _sampwin                              
0     00010b77  _scia_echoback_init                   
0     00010b6f  _scia_fifo_init                       
1     0000b0d2  _speed1                               
0     00010b10  _spiRxFifoIsr                         
0     000080a6  _stateCharge                          
0     000080e2  _stateFault                           
0     00008097  _stateInit                            
0     000080c6  _stateReady                           
0     0000808a  _stateReset                           
0     000080dc  _stateRun                             
1     0000b840  _state_table                          
1     0000b0ae  _svgen1                               
1     0000b009  _test                                 
1     0000b002  _thresh                               
0     000085a2  _uart_init                            
abs   ffffffff  binit                                 
0     00000002  cinit                                 
0     00000000  code_start                            
abs   ffffffff  etext                                 
abs   ffffffff  pinit                                 


GLOBAL SYMBOLS: SORTED BY Symbol Address 

page  address   name                                  
----  -------   ----                                  
0     00000000  code_start                            
0     00000002  ___cinit__                            
[...]
0     00009dbe  _RAM_CORRECTABLE_ERROR_ISR            
0     00009dc8  _FLASH_CORRECTABLE_ERROR_ISR          
0     00009dd2  _RAM_ACCESS_VIOLATION_ISR             
0     00009ddc  _SYS_PLL_SLIP_ISR                     
0     00009de6  _AUX_PLL_SLIP_ISR                     
0     00009df0  _CLA_OVERFLOW_ISR                     
0     00009dfa  _CLA_UNDERFLOW_ISR                    
0     00009e04  _PIE_RESERVED_ISR                     
0     00009e0e  _EMPTY_ISR                            
0     00009e1b  _NOTUSED_ISR                          
0     00009e25  _adca1_isr                            
0     00009e41  _FOC_Fast_ISR                         
0     0000a2af  _endat21_runCommandSet                
0     0000a3e4  _endat22_runCommandSet                
0     0000a5f1  _InitSysCtrl                          
0     0000a622  _InitPeripheralClocks                 
0     0000a6a6  _DisablePeripheralClocks              
0     0000a6be  _SeizeFlashPump                       
0     0000a6cd  _ReleaseFlashPump                     
0     0000a6d7  _ServiceDog                           
0     0000a6e5  _DisableDog                           
0     0000a6f3  _InitSysPll                           
0     0000a7b9  _InitAuxPll                           
0     0000a881  _CsmUnlock                            
0     0000a8a2  _SysIntOsc1Sel                        
0     0000a8ac  _SysIntOsc2Sel                        
0     0000a8b6  _SysXtalOscSel                        
0     0000a8c2  _AuxIntOsc2Sel                        
0     0000a8cc  _AuxXtalOscSel                        
0     0000a8d8  _AuxAuxClkSel                         
0     0000a8e2  _IDLE                                 
0     0000a8eb  _STANDBY                              
0     0000a8f6  _HALT                                 
0     0000a90f  _HIB                                  
0     0000a92c  _SCIStdioInit                         
0     0000a92f  _SCIPuts                              
0     0000a956  _SCIGets                              
0     0000a97c  _SCIPutNum                            
0     0000a9ca  _SCIPutHexNum                         
0     0000aa24  _SCIGetNum                            
0     0000aa59  _SCIGetHexNum                         
0     0000aacc  _SCIPutc                              
0     0000aad2  _SCIGetc                              
0     0000aad5  _SCIwrite                             
0     0000aaef  _SCIprintf                            
0     0000ac3d  _UARTParityModeSet                    
0     0000ac47  _UARTParityModeGet                    
0     0000ac50  _UARTFIFOIntLevelSet                  
0     0000ac6a  _UARTFIFOIntLevelGet                  
0     0000ac80  _UARTFIFOLevelGet                     
0     0000ac98  _UARTConfigSetExpClk                  
0     0000acc7  _UARTConfigGetExpClk                  
0     0000aceb  _UARTEnable                           
0     0000acf5  _UARTDisable                          
0     0000ad08  _UARTsetLoopBack                      
0     0000ad19  _UARTFIFOEnable                       
0     0000ad22  _UARTFIFODisable                      
0     0000ad2b  _UARTTxIntModeSet                     
0     0000ad3b  _UARTTxIntModeGet                     
0     0000ad45  _UARTCharsAvail                       
0     0000ad6b  _UARTSpaceAvail                       
0     0000ad7c  _UARTCharGetNonBlocking               
0     0000ada1  _UARTCharGet                          
0     0000adb9  _UARTCharPutNonBlocking               
0     0000adcc  _UARTCharPut                          
0     0000add9  _UARTBusy                             
0     0000adea  _UARTRXIntRegister                    
0     0000ae02  _UARTTXIntRegister                    
0     0000ae1a  _UARTRXIntUnregister                  
0     0000ae30  _UARTTXIntUnregister                  
0     0000ae46  _UARTIntEnable                        
0     0000ae77  _UARTIntDisable                       
0     0000aead  _UARTIntStatus                        
0     0000aedd  _UARTIntClear                         
0     0000af0a  _UARTRxErrorGet                       
0     0000af10  _UARTRxErrorClear                     
0     0000af26  _Clb_writeInterface                   
0     0000af3b  _Clb_getCRC                           
0     0000af7d  _Clb_configLut3                       
0     0000af8f  _Clb_clearHLC                         
0     0000afcc  _Clb_clearFIFOs                       
0     00010000  _EnDat_Init                           
0     0001007a  _Endat_setup_GPIO                     
0     000100b6  _Endat_config_XBAR                    
0     000100be  _EnDat_initDelayComp                  
0     0001013f  _error                                
0     00010141  _EPWM4_Config                         
0     00010151  _CheckCRC                             
0     0001015d  _endat22_setupAddlData                
0     00010244  _endat22_readPositionWithAddlData     
0     000102a8  _endat21_readPosition                 
0     000102e4  _InitGpio                             
0     00010324  _GPIO_SetupPinMux                     
0     000103b0  _GPIO_SetupPinOptions                 
0     00010444  _GPIO_SetupLock                       
0     0001046d  _GPIO_SetupXINT1Gpio                  
0     00010477  _GPIO_SetupXINT2Gpio                  
0     00010481  _GPIO_SetupXINT3Gpio                  
0     0001048b  _GPIO_SetupXINT4Gpio                  
0     00010495  _GPIO_SetupXINT5Gpio                  
0     0001049f  _GPIO_EnableUnbondedIOPullupsFor176Pin
0     000104b8  _GPIO_EnableUnbondedIOPullupsFor100Pin
0     000104dd  _GPIO_EnableUnbondedIOPullups         
0     000104f3  _GPIO_ReadPin                         
0     0001050a  _GPIO_WritePin                        
0     00010528  _endat22_getCRC                       
0     0001057f  _PM_endat22_getCrcTest                
0     000105a0  _PM_endat22_getCrcPos                 
0     00010638  _PM_endat22_getCrcNorm                
0     0001064d  _PM_endat22_generateCRCTable          
0     000106b2  _InitEPwmGpio                         
0     000106cb  _InitEPwm1Gpio                        
0     000106dd  _InitEPwm2Gpio                        
0     000106ef  _InitEPwm3Gpio                        
0     00010703  _InitEPwm4Gpio                        
0     00010717  _InitEPwm5Gpio                        
0     00010729  _InitEPwm6Gpio                        
0     0001073b  _InitEPwm7Gpio                        
0     0001074f  _InitEPwm8Gpio                        
0     00010763  _InitEPwm9Gpio                        
0     00010775  _InitEPwm10Gpio                       
0     00010788  _InitEPwm11Gpio                       
0     0001079c  _InitEPwm12Gpio                       
0     000107af  _DLOG_4CH_F_init                      
0     000107eb  _DLOG_4CH_F_FUNC                      
0     0001088a  _SETPOINTS_init                       
0     0001089c  _ACTUALVALUE1_init                    
0     000108ad  _ACTUALVALUE2_init                    
0     000108bd  _ACTUALVALUE1_uart_TX                 
0     00010908  _ACTUALVALUE2_uart_TX                 
0     0001094f  _ACTUALVALUE1_can_TX                  
0     00010953  _ACTUALVALUE2_can_TX                  
0     00010957  FS$$DIV                               
0     000109e0  _getCRC16P1_vcu                       
0     00010a21  _getCRC16P2_vcu                       
0     00010a61  _floor                                
0     00010a61  _floorf                               
0     00010aba  _c_int00                              
0     00010b10  _spiRxFifoIsr                         
0     00010b61  _InitSciaGpio                         
0     00010b6f  _scia_fifo_init                       
0     00010b77  _scia_echoback_init                   
0     00010b89  _SCIConsolePutc                       
0     00010b95  _SCIConsoleGetc                       
0     00010ba1  _SCIConsoleInit                       
0     00010ba8  C$$EXIT                               
0     00010ba8  _abort                                
0     00010baa  _exit                                 
0     00010bd1  _InitPieCtrl                          
0     00010bf0  _EnableInterrupts                     
0     00010bf9  _InitPieVectTable                     
0     00010c1f  _copy_in                              
0     00010c43  _memcpy                               
0     00010c60  __args_main                           
0     00010c72  _IntDefaultHandler                    
0     00010c81  U$$DIV                                
0     00010c86  U$$MOD                                
0     00010c8c  __register_unlock                     
0     00010c90  __register_lock                       
0     00010c94  __nop                                 
0     0003f800  _g_asIPCCPU2toCPU1Buffers             
0     0003f880  _g_usGetWriteIndexes                  
0     0003f884  _g_usPutReadIndexes                   
1     00000400  __stack                               
1     00000780  _Clb1LogicCfgRegs                     
1     00000780  __STACK_END                           
1     000007c0  _Clb1LogicCtrlRegs                    
1     00000b00  _AdcaResultRegs                       
1     00000b20  _AdcbResultRegs                       
1     00000b40  _AdccResultRegs                       
1     00000b60  _AdcdResultRegs                       
1     00000c00  _CpuTimer0Regs                        
1     00000c08  _CpuTimer1Regs                        
1     00000c10  _CpuTimer2Regs                        
1     00000ce0  _PieCtrlRegs                          
1     00000d00  _EmuKey                               
1     00000d00  _PieVectTable                         
1     00000d01  _EmuBMode                             
1     00000ec0  _Clb2LogicCfgRegs                     
1     00001000  _DmaRegs                              
1     00001100  _Clb2LogicCtrlRegs                    
1     00001140  _Clb3LogicCfgRegs                     
1     00001180  _Clb3LogicCtrlRegs                    
1     000011c0  _Clb4LogicCfgRegs                     
1     00001400  _Cla1Regs                             
1     00001480  _Clb4LogicCtrlRegs                    
1     00004000  _EPwm1Regs                            
1     00004100  _EPwm2Regs                            
1     00004200  _EPwm3Regs                            
1     00004300  _EPwm4Regs                            
1     00004400  _EPwm5Regs                            
1     00004500  _EPwm6Regs                            
1     00004600  _EPwm7Regs                            
1     00004700  _EPwm8Regs                            
1     00004800  _EPwm9Regs                            
1     00004900  _EPwm10Regs                           
1     00004a00  _EPwm11Regs                           
1     00004b00  _EPwm12Regs                           
1     00005000  _ECap1Regs                            
1     00005020  _ECap2Regs                            
1     00005040  _ECap3Regs                            
1     00005060  _ECap4Regs                            
1     00005080  _ECap5Regs                            
1     000050a0  _ECap6Regs                            
1     00005100  _EQep1Regs                            
1     00005140  _EQep2Regs                            
1     00005180  _EQep3Regs                            
1     00005c00  _DacaRegs                             
1     00005c10  _DacbRegs                             
1     00005c20  _DaccRegs                             
1     00005c80  _Cmpss1Regs                           
1     00005ca0  _Cmpss2Regs                           
1     00005cc0  _Cmpss3Regs                           
1     00005ce0  _Cmpss4Regs                           
1     00005d00  _Cmpss5Regs                           
1     00005d20  _Cmpss6Regs                           
1     00005d40  _Cmpss7Regs                           
1     00005d60  _Cmpss8Regs                           
1     00005e00  _Sdfm1Regs                            
1     00005e80  _Sdfm2Regs                            
1     00006000  _McbspaRegs                           
1     00006040  _McbspbRegs                           
1     00006100  _SpiaRegs                             
1     00006110  _SpibRegs                             
1     00006120  _SpicRegs                             
1     00006200  _UppRegs                              
1     00007000  _WdRegs                               
1     00007060  _NmiIntruptRegs                       
1     00007070  _XintRegs                             
1     00007200  _SciaRegs                             
1     00007210  _ScibRegs                             
1     00007220  _ScicRegs                             
1     00007230  _ScidRegs                             
1     00007300  _I2caRegs                             
1     00007340  _I2cbRegs                             
1     00007400  _AdcaRegs                             
1     00007480  _AdcbRegs                             
1     00007500  _AdccRegs                             
1     00007580  _AdcdRegs                             
1     00007900  _InputXbarRegs                        
1     00007920  _XbarRegs                             
1     00007940  _SyncSocRegs                          
1     00007980  _DmaClaSrcSelRegs                     
1     00007a00  _EPwmXbarRegs                         
1     00007a40  _ClbXbarRegs                          
1     00007a80  _OutputXbarRegs                       
1     00007c00  _GpioCtrlRegs                         
1     00007f00  _GpioDataRegs                         
1     0000b000  _clkPrescale                          
1     0000b001  _sampwin                              
1     0000b002  _thresh                               
1     0000b003  _LEM_curHi                            
1     0000b004  _LEM_curLo                            
1     0000b005  _OffsetCalCounter                     
1     0000b006  _crc5_self                            
1     0000b007  _lsw                                  
1     0000b008  _RunMotor                             
1     0000b009  _test                                 
1     0000b00c  _adc_cal                              
1     0000b00e  _offset_lemU                          
1     0000b010  _offset_lemV                          
1     0000b012  _offset_lemW                          
1     0000b014  _K1                                   
1     0000b016  _K2                                   
1     0000b018  _T                                    
1     0000b01a  _VdTesting                            
1     0000b01c  _VqTesting                            
1     0000b01e  _IdRef                                
1     0000b020  _IqRef                                
1     0000b022  _SpeedRef                             
1     0000b024  _DlogCh1                              
1     0000b026  _DlogCh2                              
1     0000b028  _DlogCh3                              
1     0000b02a  _DlogCh4                              
1     0000b02c  _cntr                                 
1     0000b02e  _alignCnt                             
1     0000b030  _IdRef_start                          
1     0000b032  _IdRef_run                            
1     0000b034  _IsrTicker                            
1     0000b036  _IsrTxTicker                          
1     0000b038  _current_sensor                       
1     0000b040  _ActualValues2                        
1     0000b046  _SetPoints                            
1     0000b04d  _ActualValues1                        
1     0000b054  _clarke1                              
1     0000b05e  _rg1                                  
1     0000b06a  _park1                                
1     0000b080  _ipark1                               
1     0000b08e  _rc1                                  
1     0000b09e  _rc2                                  
1     0000b0ae  _svgen1                               
1     0000b0c0  _qep1                                 
1     0000b0d2  _speed1                               
1     0000b0e6  _pi_id                                
1     0000b100  _pi_iq                                
1     0000b118  _dlog_4ch1                            
1     0000b140  _FOC                                  
1     0000b166  _ePWM                                 
1     0000b180  _DBUFF_4CH1                           
1     0000b2ac  _posEncElecTheta                      
1     0000b2b8  _eQEP                                 
1     0000b2be  __lock                                
1     0000b2c0  _DBUFF_4CH2                           
1     0000b3ec  _posEncMechTheta                      
1     0000b3f8  ___TI_enable_exit_profile_output      
1     0000b3fa  ___TI_cleanup_ptr                     
1     0000b3fc  ___TI_dtors_ptr                       
1     0000b3fe  __unlock                              
1     0000b400  _DBUFF_4CH3                           
1     0000b52c  _crc5_result1                         
1     0000b52d  _retval                               
1     0000b540  _DBUFF_4CH4                           
1     0000b680  _endat22CRCtable                      
1     0000b780  _crc5_result                          
1     0000b781  _retval1                              
1     0000b7c0  _endat22Data                          
1     0000b840  _state_table                          
1     0000b8d0  _PieVectTableInit                     
1     0000bb78  _CLBptrs                              
1     0000bbc0  _Clb1DataExchgRegs                    
1     0000bdc0  _Clb2DataExchgRegs                    
1     0000c000  _Clb3DataExchgRegs                    
1     0000c200  _Clb4DataExchgRegs                    
1     0003fc00  _g_asIPCCPU1toCPU2Buffers             
1     0003fc80  _g_usPutWriteIndexes                  
1     0003fc84  _g_usGetReadIndexes                   
1     00047000  _Emif1Regs                            
1     00047800  _Emif2Regs                            
1     00048000  _CanaRegs                             
1     0004a000  _CanbRegs                             
1     00050000  _IpcRegs                              
1     00050024  _FlashPumpSemaphoreRegs               
1     0005d000  _DevCfgRegs                           
1     0005d180  _AnalogSubsysRegs                     
1     0005d200  _ClkCfgRegs                           
1     0005d300  _CpuSysRegs                           
1     0005e608  _RomPrefetchRegs                      
1     0005f000  _DcsmZ1Regs                           
1     0005f040  _DcsmZ2Regs                           
1     0005f070  _DcsmCommonRegs                       
1     0005f400  _MemCfgRegs                           
1     0005f480  _Emif1ConfigRegs                      
1     0005f4a0  _Emif2ConfigRegs                      
1     0005f4c0  _AccessProtectionRegs                 
1     0005f500  _MemoryErrorRegs                      
1     0005f540  _RomWaitStateRegs                     
1     0005f800  _Flash0CtrlRegs                       
1     0005fb00  _Flash0EccRegs                        
1     00078000  _DcsmZ1Otp                            
1     00078200  _DcsmZ2Otp                            
abs   00000380  __STACK_SIZE                          
abs   ffffffff  .text                                 
abs   ffffffff  ___TI_pprof_out_hndl                  
abs   ffffffff  ___TI_prof_data_size                  
abs   ffffffff  ___TI_prof_data_start                 
abs   ffffffff  ___binit__                            
abs   ffffffff  ___c_args__                           
abs   ffffffff  ___etext__                            
abs   ffffffff  ___pinit__                            
abs   ffffffff  ___text__                             
abs   ffffffff  binit                                 
abs   ffffffff  etext                                 
abs   ffffffff  pinit                                 

[551 symbols]
