<?xml version="1.0" encoding="ISO-8859-1" ?>
<link_info>
   <banner>TMS320C2000 Linker PC v20.2.1.LTS</banner>
   <copyright>Copyright (c) 1996-2018 Texas Instruments Incorporated</copyright>
   <link_time>0x606d5293</link_time>
   <link_errors>0x0</link_errors>
   <output_file>Inverter_Build.out</output_file>
   <entry_point>
      <name>_c_int00</name>
      <address>0x10aba</address>
   </entry_point>
   <input_file_list>
      <input_file id="fl-2">
         <path>.\</path>
         <kind>object</kind>
         <file>F2837xD_Adc.obj</file>
         <name>F2837xD_Adc.obj</name>
      </input_file>
      <input_file id="fl-3">
         <path>.\</path>
         <kind>object</kind>
         <file>F2837xD_CodeStartBranch.obj</file>
         <name>F2837xD_CodeStartBranch.obj</name>
      </input_file>
      <input_file id="fl-4">
         <path>.\</path>
         <kind>object</kind>
         <file>F2837xD_DefaultISR.obj</file>
         <name>F2837xD_DefaultISR.obj</name>
      </input_file>
      <input_file id="fl-5">
         <path>.\</path>
         <kind>object</kind>
         <file>F2837xD_EPwm.obj</file>
         <name>F2837xD_EPwm.obj</name>
      </input_file>
      <input_file id="fl-6">
         <path>.\</path>
         <kind>object</kind>
         <file>F2837xD_GlobalVariableDefs.obj</file>
         <name>F2837xD_GlobalVariableDefs.obj</name>
      </input_file>
      <input_file id="fl-7">
         <path>.\</path>
         <kind>object</kind>
         <file>F2837xD_Gpio.obj</file>
         <name>F2837xD_Gpio.obj</name>
      </input_file>
      <input_file id="fl-8">
         <path>.\</path>
         <kind>object</kind>
         <file>F2837xD_Ipc.obj</file>
         <name>F2837xD_Ipc.obj</name>
      </input_file>
      <input_file id="fl-9">
         <path>.\</path>
         <kind>object</kind>
         <file>F2837xD_Ipc_Driver.obj</file>
         <name>F2837xD_Ipc_Driver.obj</name>
      </input_file>
      <input_file id="fl-a">
         <path>.\</path>
         <kind>object</kind>
         <file>F2837xD_PieCtrl.obj</file>
         <name>F2837xD_PieCtrl.obj</name>
      </input_file>
      <input_file id="fl-b">
         <path>.\</path>
         <kind>object</kind>
         <file>F2837xD_PieVect.obj</file>
         <name>F2837xD_PieVect.obj</name>
      </input_file>
      <input_file id="fl-c">
         <path>.\</path>
         <kind>object</kind>
         <file>F2837xD_SysCtrl.obj</file>
         <name>F2837xD_SysCtrl.obj</name>
      </input_file>
      <input_file id="fl-d">
         <path>.\</path>
         <kind>object</kind>
         <file>F2837xD_usDelay.obj</file>
         <name>F2837xD_usDelay.obj</name>
      </input_file>
      <input_file id="fl-e">
         <path>.\</path>
         <kind>object</kind>
         <file>Sci.obj</file>
         <name>Sci.obj</name>
      </input_file>
      <input_file id="fl-f">
         <path>.\</path>
         <kind>object</kind>
         <file>SciStdio.obj</file>
         <name>SciStdio.obj</name>
      </input_file>
      <input_file id="fl-10">
         <path>.\</path>
         <kind>object</kind>
         <file>can.obj</file>
         <name>can.obj</name>
      </input_file>
      <input_file id="fl-11">
         <path>.\</path>
         <kind>object</kind>
         <file>endat.obj</file>
         <name>endat.obj</name>
      </input_file>
      <input_file id="fl-12">
         <path>.\</path>
         <kind>object</kind>
         <file>endat_commands.obj</file>
         <name>endat_commands.obj</name>
      </input_file>
      <input_file id="fl-13">
         <path>.\</path>
         <kind>object</kind>
         <file>interrupt.obj</file>
         <name>interrupt.obj</name>
      </input_file>
      <input_file id="fl-14">
         <path>.\</path>
         <kind>object</kind>
         <file>main.obj</file>
         <name>main.obj</name>
      </input_file>
      <input_file id="fl-15">
         <path>.\</path>
         <kind>object</kind>
         <file>state_machine.obj</file>
         <name>state_machine.obj</name>
      </input_file>
      <input_file id="fl-16">
         <path>.\</path>
         <kind>object</kind>
         <file>sysctl.obj</file>
         <name>sysctl.obj</name>
      </input_file>
      <input_file id="fl-17">
         <path>.\</path>
         <kind>object</kind>
         <file>uart.obj</file>
         <name>uart.obj</name>
      </input_file>
      <input_file id="fl-18">
         <path>.\utility Src Files\</path>
         <kind>object</kind>
         <file>DLOG_4CH_F.obj</file>
         <name>DLOG_4CH_F.obj</name>
      </input_file>
      <input_file id="fl-19">
         <path>.\utility Src Files\</path>
         <kind>object</kind>
         <file>MESSAGE_F.obj</file>
         <name>MESSAGE_F.obj</name>
      </input_file>
      <input_file id="fl-21">
         <kind>object</kind>
         <file>&lt;internal&gt;</file>
         <name>&lt;internal&gt;</name>
      </input_file>
      <input_file id="fl-22">
         <path>..\Float\lib\</path>
         <kind>archive</kind>
         <file>PM_endat22_lib.lib</file>
         <name>PM_endat22_Source.obj</name>
      </input_file>
      <input_file id="fl-23">
         <path>..\Float\lib\</path>
         <kind>archive</kind>
         <file>PM_endat22_lib.lib</file>
         <name>crc.obj</name>
      </input_file>
      <input_file id="fl-24">
         <path>..\Float\lib\</path>
         <kind>archive</kind>
         <file>PM_endat22_lib.lib</file>
         <name>clb_config.obj</name>
      </input_file>
      <input_file id="fl-25">
         <path>..\Float\lib\</path>
         <kind>archive</kind>
         <file>PM_endat22_lib.lib</file>
         <name>F2837xD_Clb_drivers.obj</name>
      </input_file>
      <input_file id="fl-26">
         <path>..\Float\lib\</path>
         <kind>archive</kind>
         <file>PM_endat22_lib.lib</file>
         <name>F2837xD_GlobalVariableDefs_clb.obj</name>
      </input_file>
      <input_file id="fl-32">
         <path>C:\ti\ccs1011\ccs\tools\compiler\ti-cgt-c2000_20.2.1.LTS\lib\</path>
         <kind>archive</kind>
         <file>rts2800_fpu32.lib</file>
         <name>s_floorf.c.obj</name>
      </input_file>
      <input_file id="fl-33">
         <path>C:\ti\ccs1011\ccs\tools\compiler\ti-cgt-c2000_20.2.1.LTS\lib\</path>
         <kind>archive</kind>
         <file>rts2800_fpu32.lib</file>
         <name>boot28.asm.obj</name>
      </input_file>
      <input_file id="fl-34">
         <path>C:\ti\ccs1011\ccs\tools\compiler\ti-cgt-c2000_20.2.1.LTS\lib\</path>
         <kind>archive</kind>
         <file>rts2800_fpu32.lib</file>
         <name>fs_div28.asm.obj</name>
      </input_file>
      <input_file id="fl-35">
         <path>C:\ti\ccs1011\ccs\tools\compiler\ti-cgt-c2000_20.2.1.LTS\lib\</path>
         <kind>archive</kind>
         <file>rts2800_fpu32.lib</file>
         <name>ll_aox28.asm.obj</name>
      </input_file>
      <input_file id="fl-36">
         <path>C:\ti\ccs1011\ccs\tools\compiler\ti-cgt-c2000_20.2.1.LTS\lib\</path>
         <kind>archive</kind>
         <file>rts2800_fpu32.lib</file>
         <name>u_div28.asm.obj</name>
      </input_file>
      <input_file id="fl-37">
         <path>C:\ti\ccs1011\ccs\tools\compiler\ti-cgt-c2000_20.2.1.LTS\lib\</path>
         <kind>archive</kind>
         <file>rts2800_fpu32.lib</file>
         <name>cpy_tbl.c.obj</name>
      </input_file>
      <input_file id="fl-38">
         <path>C:\ti\ccs1011\ccs\tools\compiler\ti-cgt-c2000_20.2.1.LTS\lib\</path>
         <kind>archive</kind>
         <file>rts2800_fpu32.lib</file>
         <name>memcpy.c.obj</name>
      </input_file>
      <input_file id="fl-39">
         <path>C:\ti\ccs1011\ccs\tools\compiler\ti-cgt-c2000_20.2.1.LTS\lib\</path>
         <kind>archive</kind>
         <file>rts2800_fpu32.lib</file>
         <name>pre_init.c.obj</name>
      </input_file>
      <input_file id="fl-3a">
         <path>C:\ti\ccs1011\ccs\tools\compiler\ti-cgt-c2000_20.2.1.LTS\lib\</path>
         <kind>archive</kind>
         <file>rts2800_fpu32.lib</file>
         <name>startup.c.obj</name>
      </input_file>
      <input_file id="fl-3b">
         <path>C:\ti\ccs1011\ccs\tools\compiler\ti-cgt-c2000_20.2.1.LTS\lib\</path>
         <kind>archive</kind>
         <file>rts2800_fpu32.lib</file>
         <name>exit.c.obj</name>
      </input_file>
      <input_file id="fl-3c">
         <path>C:\ti\ccs1011\ccs\tools\compiler\ti-cgt-c2000_20.2.1.LTS\lib\</path>
         <kind>archive</kind>
         <file>rts2800_fpu32.lib</file>
         <name>_lock.c.obj</name>
      </input_file>
      <input_file id="fl-3d">
         <path>C:\ti\ccs1011\ccs\tools\compiler\ti-cgt-c2000_20.2.1.LTS\lib\</path>
         <kind>archive</kind>
         <file>rts2800_fpu32.lib</file>
         <name>args_main.c.obj</name>
      </input_file>
      <input_file id="fl-3e">
         <path>C:\ti\ccs1011\ccs\tools\compiler\ti-cgt-c2000_20.2.1.LTS\lib\</path>
         <kind>archive</kind>
         <file>rts2800_fpu32.lib</file>
         <name>memset.c.obj</name>
      </input_file>
      <input_file id="fl-3f">
         <path>C:\ti\controlSUITE\libs\dsp\VCU\v2_10_00_00\lib\</path>
         <kind>archive</kind>
         <file>c28x_vcu0_library_fpu32.lib</file>
         <name>vcu0_crc_16.obj</name>
      </input_file>
   </input_file_list>
   <object_component_list>
      <object_component id="oc-8b">
         <name>codestart</name>
         <load_address>0x0</load_address>
         <run_address>0x0</run_address>
         <size>0x2</size>
         <input_file_ref idref="fl-3"/>
      </object_component>
      <object_component id="oc-1ee">
         <name>.text</name>
         <load_address>0x21a</load_address>
         <run_address>0x21a</run_address>
         <size>0x1ca</size>
         <input_file_ref idref="fl-13"/>
      </object_component>
      <object_component id="oc-18d">
         <name>.text</name>
         <load_address>0x3e4</load_address>
         <run_address>0x3e4</run_address>
         <size>0x18</size>
         <input_file_ref idref="fl-35"/>
      </object_component>
      <object_component id="oc-1c6">
         <name>.text</name>
         <load_address>0x3fc</load_address>
         <run_address>0x3fc</run_address>
         <size>0x2</size>
         <input_file_ref idref="fl-39"/>
      </object_component>
      <object_component id="oc-1c8">
         <name>.text</name>
         <load_address>0x3fe</load_address>
         <run_address>0x3fe</run_address>
         <size>0x1</size>
         <input_file_ref idref="fl-3a"/>
      </object_component>
      <object_component id="oc-1d0">
         <name>.text</name>
         <load_address>0x8000</load_address>
         <run_address>0x8000</run_address>
         <size>0x913</size>
         <input_file_ref idref="fl-14"/>
      </object_component>
      <object_component id="oc-1ed">
         <name>.text</name>
         <load_address>0x8913</load_address>
         <run_address>0x8913</run_address>
         <size>0x879</size>
         <input_file_ref idref="fl-24"/>
      </object_component>
      <object_component id="oc-1df">
         <name>.text</name>
         <load_address>0x918c</load_address>
         <run_address>0x918c</run_address>
         <size>0x714</size>
         <input_file_ref idref="fl-22"/>
      </object_component>
      <object_component id="oc-91">
         <name>.text:retain</name>
         <load_address>0x98a0</load_address>
         <run_address>0x98a0</run_address>
         <size>0x585</size>
         <input_file_ref idref="fl-4"/>
      </object_component>
      <object_component id="oc-152">
         <name>.text:retain</name>
         <load_address>0x9e25</load_address>
         <run_address>0x9e25</run_address>
         <size>0x48a</size>
         <input_file_ref idref="fl-14"/>
      </object_component>
      <object_component id="oc-1de">
         <name>.text</name>
         <load_address>0xa2af</load_address>
         <run_address>0xa2af</run_address>
         <size>0x342</size>
         <input_file_ref idref="fl-12"/>
      </object_component>
      <object_component id="oc-1d6">
         <name>.text</name>
         <load_address>0xa5f1</load_address>
         <run_address>0xa5f1</run_address>
         <size>0x33b</size>
         <input_file_ref idref="fl-c"/>
      </object_component>
      <object_component id="oc-1d9">
         <name>.text</name>
         <load_address>0xa92c</load_address>
         <run_address>0xa92c</run_address>
         <size>0x311</size>
         <input_file_ref idref="fl-f"/>
      </object_component>
      <object_component id="oc-1e0">
         <name>.text</name>
         <load_address>0xac3d</load_address>
         <run_address>0xac3d</run_address>
         <size>0x2e9</size>
         <input_file_ref idref="fl-17"/>
      </object_component>
      <object_component id="oc-1ec">
         <name>.text</name>
         <load_address>0xaf26</load_address>
         <run_address>0xaf26</run_address>
         <size>0xd6</size>
         <input_file_ref idref="fl-25"/>
      </object_component>
      <object_component id="oc-1dd">
         <name>.text</name>
         <load_address>0x10000</load_address>
         <run_address>0x10000</run_address>
         <size>0x2e4</size>
         <input_file_ref idref="fl-11"/>
      </object_component>
      <object_component id="oc-1db">
         <name>.text</name>
         <load_address>0x102e4</load_address>
         <run_address>0x102e4</run_address>
         <size>0x244</size>
         <input_file_ref idref="fl-7"/>
      </object_component>
      <object_component id="oc-1eb">
         <name>.text</name>
         <load_address>0x10528</load_address>
         <run_address>0x10528</run_address>
         <size>0x18a</size>
         <input_file_ref idref="fl-23"/>
      </object_component>
      <object_component id="oc-1dc">
         <name>.text</name>
         <load_address>0x106b2</load_address>
         <run_address>0x106b2</run_address>
         <size>0xfd</size>
         <input_file_ref idref="fl-5"/>
      </object_component>
      <object_component id="oc-1d2">
         <name>.text</name>
         <load_address>0x107af</load_address>
         <run_address>0x107af</run_address>
         <size>0xdb</size>
         <input_file_ref idref="fl-18"/>
      </object_component>
      <object_component id="oc-1e5">
         <name>.text</name>
         <load_address>0x1088a</load_address>
         <run_address>0x1088a</run_address>
         <size>0xcd</size>
         <input_file_ref idref="fl-19"/>
      </object_component>
      <object_component id="oc-188">
         <name>.text</name>
         <load_address>0x10957</load_address>
         <run_address>0x10957</run_address>
         <size>0x88</size>
         <input_file_ref idref="fl-34"/>
      </object_component>
      <object_component id="oc-1c1">
         <name>.text</name>
         <load_address>0x109e0</load_address>
         <run_address>0x109e0</run_address>
         <size>0x81</size>
         <input_file_ref idref="fl-3f"/>
      </object_component>
      <object_component id="oc-1cd">
         <name>.text</name>
         <load_address>0x10a61</load_address>
         <run_address>0x10a61</run_address>
         <size>0x59</size>
         <input_file_ref idref="fl-32"/>
      </object_component>
      <object_component id="oc-85">
         <name>.text</name>
         <load_address>0x10aba</load_address>
         <run_address>0x10aba</run_address>
         <size>0x56</size>
         <input_file_ref idref="fl-33"/>
      </object_component>
      <object_component id="oc-13e">
         <name>.text:retain</name>
         <load_address>0x10b10</load_address>
         <run_address>0x10b10</run_address>
         <size>0x51</size>
         <input_file_ref idref="fl-11"/>
      </object_component>
      <object_component id="oc-1e9">
         <name>.text</name>
         <load_address>0x10b61</load_address>
         <run_address>0x10b61</run_address>
         <size>0x47</size>
         <input_file_ref idref="fl-e"/>
      </object_component>
      <object_component id="oc-1ca">
         <name>.text</name>
         <load_address>0x10ba8</load_address>
         <run_address>0x10ba8</run_address>
         <size>0x29</size>
         <input_file_ref idref="fl-3b"/>
      </object_component>
      <object_component id="oc-1d7">
         <name>.text</name>
         <load_address>0x10bd1</load_address>
         <run_address>0x10bd1</run_address>
         <size>0x28</size>
         <input_file_ref idref="fl-a"/>
      </object_component>
      <object_component id="oc-1d8">
         <name>.text</name>
         <load_address>0x10bf9</load_address>
         <run_address>0x10bf9</run_address>
         <size>0x26</size>
         <input_file_ref idref="fl-b"/>
      </object_component>
      <object_component id="oc-1c7">
         <name>.text</name>
         <load_address>0x10c1f</load_address>
         <run_address>0x10c1f</run_address>
         <size>0x24</size>
         <input_file_ref idref="fl-37"/>
      </object_component>
      <object_component id="oc-1d3">
         <name>.text</name>
         <load_address>0x10c43</load_address>
         <run_address>0x10c43</run_address>
         <size>0x1d</size>
         <input_file_ref idref="fl-38"/>
      </object_component>
      <object_component id="oc-1c9">
         <name>.text</name>
         <load_address>0x10c60</load_address>
         <run_address>0x10c60</run_address>
         <size>0x12</size>
         <input_file_ref idref="fl-3d"/>
      </object_component>
      <object_component id="oc-14a">
         <name>.text:retain</name>
         <load_address>0x10c72</load_address>
         <run_address>0x10c72</run_address>
         <size>0xf</size>
         <input_file_ref idref="fl-13"/>
      </object_component>
      <object_component id="oc-192">
         <name>.text</name>
         <load_address>0x10c81</load_address>
         <run_address>0x10c81</run_address>
         <size>0xb</size>
         <input_file_ref idref="fl-36"/>
      </object_component>
      <object_component id="oc-1e6">
         <name>.text</name>
         <load_address>0x10c8c</load_address>
         <run_address>0x10c8c</run_address>
         <size>0x9</size>
         <input_file_ref idref="fl-3c"/>
      </object_component>
      <object_component id="oc-150">
         <name>.cinit</name>
         <load_address>0x2</load_address>
         <run_address>0x2</run_address>
         <size>0x13c</size>
         <input_file_ref idref="fl-14"/>
      </object_component>
      <object_component id="oc-1d1">
         <name>.cinit:_state_table</name>
         <load_address>0x13e</load_address>
         <run_address>0x13e</run_address>
         <size>0x93</size>
         <input_file_ref idref="fl-15"/>
      </object_component>
      <object_component id="oc-ef">
         <name>.cinit:_ePWM</name>
         <load_address>0x1d1</load_address>
         <run_address>0x1d1</run_address>
         <size>0x1d</size>
         <input_file_ref idref="fl-14"/>
      </object_component>
      <object_component id="oc-1ac">
         <name>.cinit</name>
         <load_address>0x1ee</load_address>
         <run_address>0x1ee</run_address>
         <size>0xe</size>
         <input_file_ref idref="fl-3b"/>
      </object_component>
      <object_component id="oc-ce">
         <name>.cinit:_eQEP</name>
         <load_address>0x1fc</load_address>
         <run_address>0x1fc</run_address>
         <size>0x9</size>
         <input_file_ref idref="fl-14"/>
      </object_component>
      <object_component id="oc-1d5">
         <name>.cinit:__lock</name>
         <load_address>0x205</load_address>
         <run_address>0x205</run_address>
         <size>0x5</size>
         <input_file_ref idref="fl-3c"/>
      </object_component>
      <object_component id="oc-1e7">
         <name>.cinit:__unlock</name>
         <load_address>0x20a</load_address>
         <run_address>0x20a</run_address>
         <size>0x5</size>
         <input_file_ref idref="fl-3c"/>
      </object_component>
      <object_component id="oc-183">
         <name>.reset</name>
         <load_address>0x3fffc0</load_address>
         <run_address>0x3fffc0</run_address>
         <size>0x2</size>
         <input_file_ref idref="fl-33"/>
      </object_component>
      <object_component id="oc-182">
         <name>.stack</name>
         <uninitialized>true</uninitialized>
         <run_address>0x400</run_address>
         <size>0x0</size>
         <input_file_ref idref="fl-33"/>
      </object_component>
      <object_component id="oc-293">
         <name>.stack</name>
         <uninitialized>true</uninitialized>
         <run_address>0x400</run_address>
         <size>0x0</size>
      </object_component>
      <object_component id="oc-13d">
         <name>.ebss</name>
         <uninitialized>true</uninitialized>
         <run_address>0xb780</run_address>
         <size>0x9e</size>
         <input_file_ref idref="fl-11"/>
      </object_component>
      <object_component id="oc-1ea">
         <name>.ebss:_endat22CRCtable</name>
         <uninitialized>true</uninitialized>
         <run_address>0xb680</run_address>
         <size>0x100</size>
         <input_file_ref idref="fl-11"/>
      </object_component>
      <object_component id="oc-144">
         <name>.ebss</name>
         <uninitialized>true</uninitialized>
         <run_address>0xb52c</run_address>
         <size>0x2</size>
         <input_file_ref idref="fl-12"/>
      </object_component>
      <object_component id="oc-151">
         <name>.ebss</name>
         <uninitialized>true</uninitialized>
         <run_address>0xb000</run_address>
         <size>0x166</size>
         <input_file_ref idref="fl-14"/>
      </object_component>
      <object_component id="oc-1cb">
         <name>.ebss:_eQEP</name>
         <uninitialized>true</uninitialized>
         <run_address>0xb2b8</run_address>
         <size>0x6</size>
         <input_file_ref idref="fl-14"/>
      </object_component>
      <object_component id="oc-1ce">
         <name>.ebss:_posEncElecTheta</name>
         <uninitialized>true</uninitialized>
         <run_address>0xb2ac</run_address>
         <size>0xc</size>
         <input_file_ref idref="fl-14"/>
      </object_component>
      <object_component id="oc-1cf">
         <name>.ebss:_posEncMechTheta</name>
         <uninitialized>true</uninitialized>
         <run_address>0xb3ec</run_address>
         <size>0xc</size>
         <input_file_ref idref="fl-14"/>
      </object_component>
      <object_component id="oc-1cc">
         <name>.ebss:_ePWM</name>
         <uninitialized>true</uninitialized>
         <run_address>0xb166</run_address>
         <size>0x1a</size>
         <input_file_ref idref="fl-14"/>
      </object_component>
      <object_component id="oc-1e1">
         <name>.ebss:_DBUFF_4CH1</name>
         <uninitialized>true</uninitialized>
         <run_address>0xb180</run_address>
         <size>0x12c</size>
         <input_file_ref idref="fl-14"/>
      </object_component>
      <object_component id="oc-1e2">
         <name>.ebss:_DBUFF_4CH2</name>
         <uninitialized>true</uninitialized>
         <run_address>0xb2c0</run_address>
         <size>0x12c</size>
         <input_file_ref idref="fl-14"/>
      </object_component>
      <object_component id="oc-1e3">
         <name>.ebss:_DBUFF_4CH3</name>
         <uninitialized>true</uninitialized>
         <run_address>0xb400</run_address>
         <size>0x12c</size>
         <input_file_ref idref="fl-14"/>
      </object_component>
      <object_component id="oc-1e4">
         <name>.ebss:_DBUFF_4CH4</name>
         <uninitialized>true</uninitialized>
         <run_address>0xb540</run_address>
         <size>0x12c</size>
         <input_file_ref idref="fl-14"/>
      </object_component>
      <object_component id="oc-1da">
         <name>.ebss:_state_table</name>
         <uninitialized>true</uninitialized>
         <run_address>0xb840</run_address>
         <size>0x90</size>
         <input_file_ref idref="fl-15"/>
      </object_component>
      <object_component id="oc-1ad">
         <name>.ebss</name>
         <uninitialized>true</uninitialized>
         <run_address>0xb3f8</run_address>
         <size>0x6</size>
         <input_file_ref idref="fl-3b"/>
      </object_component>
      <object_component id="oc-1d4">
         <name>.ebss:__lock</name>
         <uninitialized>true</uninitialized>
         <run_address>0xb2be</run_address>
         <size>0x2</size>
         <input_file_ref idref="fl-3c"/>
      </object_component>
      <object_component id="oc-1ef">
         <name>.ebss:__unlock</name>
         <uninitialized>true</uninitialized>
         <run_address>0xb3fe</run_address>
         <size>0x2</size>
         <input_file_ref idref="fl-3c"/>
      </object_component>
      <object_component id="oc-1e8">
         <name>.econst:_PieVectTableInit</name>
         <load_address>0xb8d0</load_address>
         <run_address>0xb8d0</run_address>
         <size>0x1c0</size>
         <input_file_ref idref="fl-b"/>
      </object_component>
      <object_component id="oc-153">
         <name>.econst:.string</name>
         <load_address>0xba90</load_address>
         <run_address>0xba90</run_address>
         <size>0xcd</size>
         <input_file_ref idref="fl-14"/>
      </object_component>
      <object_component id="oc-132">
         <name>.econst:.string</name>
         <load_address>0xbb5e</load_address>
         <run_address>0xbb5e</run_address>
         <size>0x1a</size>
         <input_file_ref idref="fl-f"/>
      </object_component>
      <object_component id="oc-1f0">
         <name>.econst:_CLBptrs</name>
         <load_address>0xbb78</load_address>
         <run_address>0xbb78</run_address>
         <size>0x18</size>
         <input_file_ref idref="fl-25"/>
      </object_component>
      <object_component id="oc-131">
         <name>.econst</name>
         <load_address>0xbb90</load_address>
         <run_address>0xbb90</run_address>
         <size>0x2</size>
         <input_file_ref idref="fl-f"/>
      </object_component>
      <object_component id="oc-17d">
         <name>.econst</name>
         <load_address>0xbb92</load_address>
         <run_address>0xbb92</run_address>
         <size>0x2</size>
         <input_file_ref idref="fl-32"/>
      </object_component>
      <object_component id="oc-126">
         <name>.TI.ramfunc</name>
         <load_address>0x211</load_address>
         <run_address>0x211</run_address>
         <size>0x4</size>
         <input_file_ref idref="fl-d"/>
      </object_component>
      <object_component id="oc-15b">
         <name>.TI.ramfunc</name>
         <load_address>0x215</load_address>
         <run_address>0x215</run_address>
         <size>0x4</size>
         <input_file_ref idref="fl-16"/>
      </object_component>
      <object_component id="oc-111">
         <name>PUTBUFFER</name>
         <uninitialized>true</uninitialized>
         <run_address>0x3fc00</run_address>
         <size>0x80</size>
         <input_file_ref idref="fl-9"/>
      </object_component>
      <object_component id="oc-10d">
         <name>PUTWRITEIDX</name>
         <uninitialized>true</uninitialized>
         <run_address>0x3fc80</run_address>
         <size>0x4</size>
         <input_file_ref idref="fl-9"/>
      </object_component>
      <object_component id="oc-110">
         <name>GETREADIDX</name>
         <uninitialized>true</uninitialized>
         <run_address>0x3fc84</run_address>
         <size>0x4</size>
         <input_file_ref idref="fl-9"/>
      </object_component>
      <object_component id="oc-112">
         <name>GETBUFFER</name>
         <uninitialized>true</uninitialized>
         <run_address>0x3f800</run_address>
         <size>0x80</size>
         <input_file_ref idref="fl-9"/>
      </object_component>
      <object_component id="oc-10f">
         <name>GETWRITEIDX</name>
         <uninitialized>true</uninitialized>
         <run_address>0x3f880</run_address>
         <size>0x4</size>
         <input_file_ref idref="fl-9"/>
      </object_component>
      <object_component id="oc-10e">
         <name>PUTREADIDX</name>
         <uninitialized>true</uninitialized>
         <run_address>0x3f884</run_address>
         <size>0x4</size>
         <input_file_ref idref="fl-9"/>
      </object_component>
      <object_component id="oc-100">
         <name>PieVectTableFile</name>
         <uninitialized>true</uninitialized>
         <run_address>0xd00</run_address>
         <size>0x1c0</size>
         <input_file_ref idref="fl-6"/>
      </object_component>
      <object_component id="oc-9c">
         <name>EmuKeyVar</name>
         <uninitialized>true</uninitialized>
         <run_address>0xd00</run_address>
         <size>0x1</size>
         <input_file_ref idref="fl-6"/>
      </object_component>
      <object_component id="oc-9d">
         <name>EmuBModeVar</name>
         <uninitialized>true</uninitialized>
         <run_address>0xd01</run_address>
         <size>0x1</size>
         <input_file_ref idref="fl-6"/>
      </object_component>
      <object_component id="oc-b3">
         <name>AdcaResultFile</name>
         <uninitialized>true</uninitialized>
         <run_address>0xb00</run_address>
         <size>0x18</size>
         <input_file_ref idref="fl-6"/>
      </object_component>
      <object_component id="oc-b4">
         <name>AdcbResultFile</name>
         <uninitialized>true</uninitialized>
         <run_address>0xb20</run_address>
         <size>0x18</size>
         <input_file_ref idref="fl-6"/>
      </object_component>
      <object_component id="oc-b5">
         <name>AdccResultFile</name>
         <uninitialized>true</uninitialized>
         <run_address>0xb40</run_address>
         <size>0x18</size>
         <input_file_ref idref="fl-6"/>
      </object_component>
      <object_component id="oc-b6">
         <name>AdcdResultFile</name>
         <uninitialized>true</uninitialized>
         <run_address>0xb60</run_address>
         <size>0x18</size>
         <input_file_ref idref="fl-6"/>
      </object_component>
      <object_component id="oc-e5">
         <name>AdcaRegsFile</name>
         <uninitialized>true</uninitialized>
         <run_address>0x7400</run_address>
         <size>0x80</size>
         <input_file_ref idref="fl-6"/>
      </object_component>
      <object_component id="oc-e6">
         <name>AdcbRegsFile</name>
         <uninitialized>true</uninitialized>
         <run_address>0x7480</run_address>
         <size>0x80</size>
         <input_file_ref idref="fl-6"/>
      </object_component>
      <object_component id="oc-e7">
         <name>AdccRegsFile</name>
         <uninitialized>true</uninitialized>
         <run_address>0x7500</run_address>
         <size>0x80</size>
         <input_file_ref idref="fl-6"/>
      </object_component>
      <object_component id="oc-e8">
         <name>AdcdRegsFile</name>
         <uninitialized>true</uninitialized>
         <run_address>0x7580</run_address>
         <size>0x80</size>
         <input_file_ref idref="fl-6"/>
      </object_component>
      <object_component id="oc-e1">
         <name>AnalogSubsysRegsFile</name>
         <uninitialized>true</uninitialized>
         <run_address>0x5d180</run_address>
         <size>0x48</size>
         <input_file_ref idref="fl-6"/>
      </object_component>
      <object_component id="oc-fc">
         <name>CanaRegsFile</name>
         <uninitialized>true</uninitialized>
         <run_address>0x48000</run_address>
         <size>0x164</size>
         <input_file_ref idref="fl-6"/>
      </object_component>
      <object_component id="oc-fd">
         <name>CanbRegsFile</name>
         <uninitialized>true</uninitialized>
         <run_address>0x4a000</run_address>
         <size>0x164</size>
         <input_file_ref idref="fl-6"/>
      </object_component>
      <object_component id="oc-dc">
         <name>Cla1RegsFile</name>
         <uninitialized>true</uninitialized>
         <run_address>0x1400</run_address>
         <size>0x3e</size>
         <input_file_ref idref="fl-6"/>
      </object_component>
      <object_component id="oc-a1">
         <name>Cla1SoftIntRegsFile</name>
         <uninitialized>true</uninitialized>
         <run_address>0xce0</run_address>
         <size>0x4</size>
         <input_file_ref idref="fl-6"/>
      </object_component>
      <object_component id="oc-177">
         <name>ClbXbarRegsFile</name>
         <uninitialized>true</uninitialized>
         <run_address>0x7a40</run_address>
         <size>0x40</size>
         <input_file_ref idref="fl-26"/>
      </object_component>
      <object_component id="oc-b9">
         <name>Cmpss1RegsFile</name>
         <uninitialized>true</uninitialized>
         <run_address>0x5c80</run_address>
         <size>0x20</size>
         <input_file_ref idref="fl-6"/>
      </object_component>
      <object_component id="oc-ba">
         <name>Cmpss2RegsFile</name>
         <uninitialized>true</uninitialized>
         <run_address>0x5ca0</run_address>
         <size>0x20</size>
         <input_file_ref idref="fl-6"/>
      </object_component>
      <object_component id="oc-bb">
         <name>Cmpss3RegsFile</name>
         <uninitialized>true</uninitialized>
         <run_address>0x5cc0</run_address>
         <size>0x20</size>
         <input_file_ref idref="fl-6"/>
      </object_component>
      <object_component id="oc-bc">
         <name>Cmpss4RegsFile</name>
         <uninitialized>true</uninitialized>
         <run_address>0x5ce0</run_address>
         <size>0x20</size>
         <input_file_ref idref="fl-6"/>
      </object_component>
      <object_component id="oc-bd">
         <name>Cmpss5RegsFile</name>
         <uninitialized>true</uninitialized>
         <run_address>0x5d00</run_address>
         <size>0x20</size>
         <input_file_ref idref="fl-6"/>
      </object_component>
      <object_component id="oc-be">
         <name>Cmpss6RegsFile</name>
         <uninitialized>true</uninitialized>
         <run_address>0x5d20</run_address>
         <size>0x20</size>
         <input_file_ref idref="fl-6"/>
      </object_component>
      <object_component id="oc-bf">
         <name>Cmpss7RegsFile</name>
         <uninitialized>true</uninitialized>
         <run_address>0x5d40</run_address>
         <size>0x20</size>
         <input_file_ref idref="fl-6"/>
      </object_component>
      <object_component id="oc-c0">
         <name>Cmpss8RegsFile</name>
         <uninitialized>true</uninitialized>
         <run_address>0x5d60</run_address>
         <size>0x20</size>
         <input_file_ref idref="fl-6"/>
      </object_component>
      <object_component id="oc-a7">
         <name>CpuTimer0RegsFile</name>
         <uninitialized>true</uninitialized>
         <run_address>0xc00</run_address>
         <size>0x8</size>
         <input_file_ref idref="fl-6"/>
      </object_component>
      <object_component id="oc-a8">
         <name>CpuTimer1RegsFile</name>
         <uninitialized>true</uninitialized>
         <run_address>0xc08</run_address>
         <size>0x8</size>
         <input_file_ref idref="fl-6"/>
      </object_component>
      <object_component id="oc-a9">
         <name>CpuTimer2RegsFile</name>
         <uninitialized>true</uninitialized>
         <run_address>0xc10</run_address>
         <size>0x8</size>
         <input_file_ref idref="fl-6"/>
      </object_component>
      <object_component id="oc-a4">
         <name>DacaRegsFile</name>
         <uninitialized>true</uninitialized>
         <run_address>0x5c00</run_address>
         <size>0x8</size>
         <input_file_ref idref="fl-6"/>
      </object_component>
      <object_component id="oc-a5">
         <name>DacbRegsFile</name>
         <uninitialized>true</uninitialized>
         <run_address>0x5c10</run_address>
         <size>0x8</size>
         <input_file_ref idref="fl-6"/>
      </object_component>
      <object_component id="oc-a6">
         <name>DaccRegsFile</name>
         <uninitialized>true</uninitialized>
         <run_address>0x5c20</run_address>
         <size>0x8</size>
         <input_file_ref idref="fl-6"/>
      </object_component>
      <object_component id="oc-d3">
         <name>DcsmZ1RegsFile</name>
         <uninitialized>true</uninitialized>
         <run_address>0x5f000</run_address>
         <size>0x24</size>
         <input_file_ref idref="fl-6"/>
      </object_component>
      <object_component id="oc-d4">
         <name>DcsmZ2RegsFile</name>
         <uninitialized>true</uninitialized>
         <run_address>0x5f040</run_address>
         <size>0x24</size>
         <input_file_ref idref="fl-6"/>
      </object_component>
      <object_component id="oc-aa">
         <name>DcsmCommonRegsFile</name>
         <uninitialized>true</uninitialized>
         <run_address>0x5f070</run_address>
         <size>0x8</size>
         <input_file_ref idref="fl-6"/>
      </object_component>
      <object_component id="oc-c1">
         <name>DcsmZ1OtpFile</name>
         <uninitialized>true</uninitialized>
         <run_address>0x78000</run_address>
         <size>0x20</size>
         <input_file_ref idref="fl-6"/>
      </object_component>
      <object_component id="oc-c2">
         <name>DcsmZ2OtpFile</name>
         <uninitialized>true</uninitialized>
         <run_address>0x78200</run_address>
         <size>0x20</size>
         <input_file_ref idref="fl-6"/>
      </object_component>
      <object_component id="oc-ed">
         <name>DmaRegsFile</name>
         <uninitialized>true</uninitialized>
         <run_address>0x1000</run_address>
         <size>0xe0</size>
         <input_file_ref idref="fl-6"/>
      </object_component>
      <object_component id="oc-b7">
         <name>DmaClaSrcSelRegsFile</name>
         <uninitialized>true</uninitialized>
         <run_address>0x7980</run_address>
         <size>0x1a</size>
         <input_file_ref idref="fl-6"/>
      </object_component>
      <object_component id="oc-c3">
         <name>ECap1RegsFile</name>
         <uninitialized>true</uninitialized>
         <run_address>0x5000</run_address>
         <size>0x20</size>
         <input_file_ref idref="fl-6"/>
      </object_component>
      <object_component id="oc-c4">
         <name>ECap2RegsFile</name>
         <uninitialized>true</uninitialized>
         <run_address>0x5020</run_address>
         <size>0x20</size>
         <input_file_ref idref="fl-6"/>
      </object_component>
      <object_component id="oc-c5">
         <name>ECap3RegsFile</name>
         <uninitialized>true</uninitialized>
         <run_address>0x5040</run_address>
         <size>0x20</size>
         <input_file_ref idref="fl-6"/>
      </object_component>
      <object_component id="oc-c6">
         <name>ECap4RegsFile</name>
         <uninitialized>true</uninitialized>
         <run_address>0x5060</run_address>
         <size>0x20</size>
         <input_file_ref idref="fl-6"/>
      </object_component>
      <object_component id="oc-c7">
         <name>ECap5RegsFile</name>
         <uninitialized>true</uninitialized>
         <run_address>0x5080</run_address>
         <size>0x20</size>
         <input_file_ref idref="fl-6"/>
      </object_component>
      <object_component id="oc-c8">
         <name>ECap6RegsFile</name>
         <uninitialized>true</uninitialized>
         <run_address>0x50a0</run_address>
         <size>0x20</size>
         <input_file_ref idref="fl-6"/>
      </object_component>
      <object_component id="oc-e3">
         <name>Emif1RegsFile</name>
         <uninitialized>true</uninitialized>
         <run_address>0x47000</run_address>
         <size>0x70</size>
         <input_file_ref idref="fl-6"/>
      </object_component>
      <object_component id="oc-e4">
         <name>Emif2RegsFile</name>
         <uninitialized>true</uninitialized>
         <run_address>0x47800</run_address>
         <size>0x70</size>
         <input_file_ref idref="fl-6"/>
      </object_component>
      <object_component id="oc-ee">
         <name>EPwm1RegsFile</name>
         <uninitialized>true</uninitialized>
         <run_address>0x4000</run_address>
         <size>0x100</size>
         <input_file_ref idref="fl-6"/>
      </object_component>
      <object_component id="oc-f0">
         <name>EPwm2RegsFile</name>
         <uninitialized>true</uninitialized>
         <run_address>0x4100</run_address>
         <size>0x100</size>
         <input_file_ref idref="fl-6"/>
      </object_component>
      <object_component id="oc-f1">
         <name>EPwm3RegsFile</name>
         <uninitialized>true</uninitialized>
         <run_address>0x4200</run_address>
         <size>0x100</size>
         <input_file_ref idref="fl-6"/>
      </object_component>
      <object_component id="oc-f2">
         <name>EPwm4RegsFile</name>
         <uninitialized>true</uninitialized>
         <run_address>0x4300</run_address>
         <size>0x100</size>
         <input_file_ref idref="fl-6"/>
      </object_component>
      <object_component id="oc-f3">
         <name>EPwm5RegsFile</name>
         <uninitialized>true</uninitialized>
         <run_address>0x4400</run_address>
         <size>0x100</size>
         <input_file_ref idref="fl-6"/>
      </object_component>
      <object_component id="oc-f4">
         <name>EPwm6RegsFile</name>
         <uninitialized>true</uninitialized>
         <run_address>0x4500</run_address>
         <size>0x100</size>
         <input_file_ref idref="fl-6"/>
      </object_component>
      <object_component id="oc-f5">
         <name>EPwm7RegsFile</name>
         <uninitialized>true</uninitialized>
         <run_address>0x4600</run_address>
         <size>0x100</size>
         <input_file_ref idref="fl-6"/>
      </object_component>
      <object_component id="oc-f6">
         <name>EPwm8RegsFile</name>
         <uninitialized>true</uninitialized>
         <run_address>0x4700</run_address>
         <size>0x100</size>
         <input_file_ref idref="fl-6"/>
      </object_component>
      <object_component id="oc-f7">
         <name>EPwm9RegsFile</name>
         <uninitialized>true</uninitialized>
         <run_address>0x4800</run_address>
         <size>0x100</size>
         <input_file_ref idref="fl-6"/>
      </object_component>
      <object_component id="oc-f8">
         <name>EPwm10RegsFile</name>
         <uninitialized>true</uninitialized>
         <run_address>0x4900</run_address>
         <size>0x100</size>
         <input_file_ref idref="fl-6"/>
      </object_component>
      <object_component id="oc-f9">
         <name>EPwm11RegsFile</name>
         <uninitialized>true</uninitialized>
         <run_address>0x4a00</run_address>
         <size>0x100</size>
         <input_file_ref idref="fl-6"/>
      </object_component>
      <object_component id="oc-fa">
         <name>EPwm12RegsFile</name>
         <uninitialized>true</uninitialized>
         <run_address>0x4b00</run_address>
         <size>0x100</size>
         <input_file_ref idref="fl-6"/>
      </object_component>
      <object_component id="oc-dd">
         <name>EPwmXbarRegsFile</name>
         <uninitialized>true</uninitialized>
         <run_address>0x7a00</run_address>
         <size>0x40</size>
         <input_file_ref idref="fl-6"/>
      </object_component>
      <object_component id="oc-cd">
         <name>EQep1RegsFile</name>
         <uninitialized>true</uninitialized>
         <run_address>0x5100</run_address>
         <size>0x22</size>
         <input_file_ref idref="fl-6"/>
      </object_component>
      <object_component id="oc-cf">
         <name>EQep2RegsFile</name>
         <uninitialized>true</uninitialized>
         <run_address>0x5140</run_address>
         <size>0x22</size>
         <input_file_ref idref="fl-6"/>
      </object_component>
      <object_component id="oc-d0">
         <name>EQep3RegsFile</name>
         <uninitialized>true</uninitialized>
         <run_address>0x5180</run_address>
         <size>0x22</size>
         <input_file_ref idref="fl-6"/>
      </object_component>
      <object_component id="oc-ff">
         <name>Flash0CtrlRegsFile</name>
         <uninitialized>true</uninitialized>
         <run_address>0x5f800</run_address>
         <size>0x182</size>
         <input_file_ref idref="fl-6"/>
      </object_component>
      <object_component id="oc-d8">
         <name>Flash0EccRegsFile</name>
         <uninitialized>true</uninitialized>
         <run_address>0x5fb00</run_address>
         <size>0x28</size>
         <input_file_ref idref="fl-6"/>
      </object_component>
      <object_component id="oc-fe">
         <name>GpioCtrlRegsFile</name>
         <uninitialized>true</uninitialized>
         <run_address>0x7c00</run_address>
         <size>0x180</size>
         <input_file_ref idref="fl-6"/>
      </object_component>
      <object_component id="oc-da">
         <name>GpioDataRegsFile</name>
         <uninitialized>true</uninitialized>
         <run_address>0x7f00</run_address>
         <size>0x30</size>
         <input_file_ref idref="fl-6"/>
      </object_component>
      <object_component id="oc-de">
         <name>OutputXbarRegsFile</name>
         <uninitialized>true</uninitialized>
         <run_address>0x7a80</run_address>
         <size>0x40</size>
         <input_file_ref idref="fl-6"/>
      </object_component>
      <object_component id="oc-d1">
         <name>I2caRegsFile</name>
         <uninitialized>true</uninitialized>
         <run_address>0x7300</run_address>
         <size>0x22</size>
         <input_file_ref idref="fl-6"/>
      </object_component>
      <object_component id="oc-d2">
         <name>I2cbRegsFile</name>
         <uninitialized>true</uninitialized>
         <run_address>0x7340</run_address>
         <size>0x22</size>
         <input_file_ref idref="fl-6"/>
      </object_component>
      <object_component id="oc-c9">
         <name>InputXbarRegsFile</name>
         <uninitialized>true</uninitialized>
         <run_address>0x7900</run_address>
         <size>0x20</size>
         <input_file_ref idref="fl-6"/>
      </object_component>
      <object_component id="oc-ca">
         <name>XbarRegsFile</name>
         <uninitialized>true</uninitialized>
         <run_address>0x7920</run_address>
         <size>0x20</size>
         <input_file_ref idref="fl-6"/>
      </object_component>
      <object_component id="oc-d5">
         <name>IpcRegsFile</name>
         <uninitialized>true</uninitialized>
         <run_address>0x50000</run_address>
         <size>0x24</size>
         <input_file_ref idref="fl-6"/>
      </object_component>
      <object_component id="oc-9e">
         <name>FlashPumpSemaphoreRegsFile</name>
         <uninitialized>true</uninitialized>
         <run_address>0x50024</run_address>
         <size>0x2</size>
         <input_file_ref idref="fl-6"/>
      </object_component>
      <object_component id="oc-9f">
         <name>RomPrefetchRegsFile</name>
         <uninitialized>true</uninitialized>
         <run_address>0x5e608</run_address>
         <size>0x2</size>
         <input_file_ref idref="fl-6"/>
      </object_component>
      <object_component id="oc-e9">
         <name>MemCfgRegsFile</name>
         <uninitialized>true</uninitialized>
         <run_address>0x5f400</run_address>
         <size>0x80</size>
         <input_file_ref idref="fl-6"/>
      </object_component>
      <object_component id="oc-cb">
         <name>Emif1ConfigRegsFile</name>
         <uninitialized>true</uninitialized>
         <run_address>0x5f480</run_address>
         <size>0x20</size>
         <input_file_ref idref="fl-6"/>
      </object_component>
      <object_component id="oc-cc">
         <name>Emif2ConfigRegsFile</name>
         <uninitialized>true</uninitialized>
         <run_address>0x5f4a0</run_address>
         <size>0x20</size>
         <input_file_ref idref="fl-6"/>
      </object_component>
      <object_component id="oc-df">
         <name>AccessProtectionRegsFile</name>
         <uninitialized>true</uninitialized>
         <run_address>0x5f4c0</run_address>
         <size>0x40</size>
         <input_file_ref idref="fl-6"/>
      </object_component>
      <object_component id="oc-e0">
         <name>MemoryErrorRegsFile</name>
         <uninitialized>true</uninitialized>
         <run_address>0x5f500</run_address>
         <size>0x40</size>
         <input_file_ref idref="fl-6"/>
      </object_component>
      <object_component id="oc-a0">
         <name>RomWaitStateRegsFile</name>
         <uninitialized>true</uninitialized>
         <run_address>0x5f540</run_address>
         <size>0x2</size>
         <input_file_ref idref="fl-6"/>
      </object_component>
      <object_component id="oc-d6">
         <name>McbspaRegsFile</name>
         <uninitialized>true</uninitialized>
         <run_address>0x6000</run_address>
         <size>0x24</size>
         <input_file_ref idref="fl-6"/>
      </object_component>
      <object_component id="oc-d7">
         <name>McbspbRegsFile</name>
         <uninitialized>true</uninitialized>
         <run_address>0x6040</run_address>
         <size>0x24</size>
         <input_file_ref idref="fl-6"/>
      </object_component>
      <object_component id="oc-e2">
         <name>UppRegsFile</name>
         <uninitialized>true</uninitialized>
         <run_address>0x6200</run_address>
         <size>0x48</size>
         <input_file_ref idref="fl-6"/>
      </object_component>
      <object_component id="oc-a3">
         <name>NmiIntruptRegsFile</name>
         <uninitialized>true</uninitialized>
         <run_address>0x7060</run_address>
         <size>0x7</size>
         <input_file_ref idref="fl-6"/>
      </object_component>
      <object_component id="oc-b8">
         <name>PieCtrlRegsFile</name>
         <uninitialized>true</uninitialized>
         <run_address>0xce0</run_address>
         <size>0x1a</size>
         <input_file_ref idref="fl-6"/>
      </object_component>
      <object_component id="oc-ac">
         <name>SciaRegsFile</name>
         <uninitialized>true</uninitialized>
         <run_address>0x7200</run_address>
         <size>0x10</size>
         <input_file_ref idref="fl-6"/>
      </object_component>
      <object_component id="oc-ad">
         <name>ScibRegsFile</name>
         <uninitialized>true</uninitialized>
         <run_address>0x7210</run_address>
         <size>0x10</size>
         <input_file_ref idref="fl-6"/>
      </object_component>
      <object_component id="oc-ae">
         <name>ScicRegsFile</name>
         <uninitialized>true</uninitialized>
         <run_address>0x7220</run_address>
         <size>0x10</size>
         <input_file_ref idref="fl-6"/>
      </object_component>
      <object_component id="oc-af">
         <name>ScidRegsFile</name>
         <uninitialized>true</uninitialized>
         <run_address>0x7230</run_address>
         <size>0x10</size>
         <input_file_ref idref="fl-6"/>
      </object_component>
      <object_component id="oc-ea">
         <name>Sdfm1RegsFile</name>
         <uninitialized>true</uninitialized>
         <run_address>0x5e00</run_address>
         <size>0x80</size>
         <input_file_ref idref="fl-6"/>
      </object_component>
      <object_component id="oc-eb">
         <name>Sdfm2RegsFile</name>
         <uninitialized>true</uninitialized>
         <run_address>0x5e80</run_address>
         <size>0x80</size>
         <input_file_ref idref="fl-6"/>
      </object_component>
      <object_component id="oc-b0">
         <name>SpiaRegsFile</name>
         <uninitialized>true</uninitialized>
         <run_address>0x6100</run_address>
         <size>0x10</size>
         <input_file_ref idref="fl-6"/>
      </object_component>
      <object_component id="oc-b1">
         <name>SpibRegsFile</name>
         <uninitialized>true</uninitialized>
         <run_address>0x6110</run_address>
         <size>0x10</size>
         <input_file_ref idref="fl-6"/>
      </object_component>
      <object_component id="oc-b2">
         <name>SpicRegsFile</name>
         <uninitialized>true</uninitialized>
         <run_address>0x6120</run_address>
         <size>0x10</size>
         <input_file_ref idref="fl-6"/>
      </object_component>
      <object_component id="oc-fb">
         <name>DevCfgRegsFile</name>
         <uninitialized>true</uninitialized>
         <run_address>0x5d000</run_address>
         <size>0x12e</size>
         <input_file_ref idref="fl-6"/>
      </object_component>
      <object_component id="oc-db">
         <name>ClkCfgRegsFile</name>
         <uninitialized>true</uninitialized>
         <run_address>0x5d200</run_address>
         <size>0x32</size>
         <input_file_ref idref="fl-6"/>
      </object_component>
      <object_component id="oc-ec">
         <name>CpuSysRegsFile</name>
         <uninitialized>true</uninitialized>
         <run_address>0x5d300</run_address>
         <size>0x82</size>
         <input_file_ref idref="fl-6"/>
      </object_component>
      <object_component id="oc-a2">
         <name>SyncSocRegsFile</name>
         <uninitialized>true</uninitialized>
         <run_address>0x7940</run_address>
         <size>0x6</size>
         <input_file_ref idref="fl-6"/>
      </object_component>
      <object_component id="oc-d9">
         <name>WdRegsFile</name>
         <uninitialized>true</uninitialized>
         <run_address>0x7000</run_address>
         <size>0x2b</size>
         <input_file_ref idref="fl-6"/>
      </object_component>
      <object_component id="oc-ab">
         <name>XintRegsFile</name>
         <uninitialized>true</uninitialized>
         <run_address>0x7070</run_address>
         <size>0xb</size>
         <input_file_ref idref="fl-6"/>
      </object_component>
      <object_component id="oc-86">
         <name>.debug_info</name>
         <load_address>0x0</load_address>
         <run_address>0x0</run_address>
         <size>0x4614</size>
         <input_file_ref idref="fl-2"/>
      </object_component>
      <object_component id="oc-8d">
         <name>.debug_info</name>
         <load_address>0x4614</load_address>
         <run_address>0x4614</run_address>
         <size>0x17a</size>
         <input_file_ref idref="fl-3"/>
      </object_component>
      <object_component id="oc-90">
         <name>.debug_info</name>
         <load_address>0x478e</load_address>
         <run_address>0x478e</run_address>
         <size>0x7dcd</size>
         <input_file_ref idref="fl-4"/>
      </object_component>
      <object_component id="oc-96">
         <name>.debug_info</name>
         <load_address>0xc55b</load_address>
         <run_address>0xc55b</run_address>
         <size>0x10090</size>
         <input_file_ref idref="fl-5"/>
      </object_component>
      <object_component id="oc-9b">
         <name>.debug_info</name>
         <load_address>0x1c5eb</load_address>
         <run_address>0x1c5eb</run_address>
         <size>0x50384</size>
         <input_file_ref idref="fl-6"/>
      </object_component>
      <object_component id="oc-102">
         <name>.debug_info</name>
         <load_address>0x6c96f</load_address>
         <run_address>0x6c96f</run_address>
         <size>0x1a49a</size>
         <input_file_ref idref="fl-7"/>
      </object_component>
      <object_component id="oc-107">
         <name>.debug_info</name>
         <load_address>0x86e09</load_address>
         <run_address>0x86e09</run_address>
         <size>0x166e</size>
         <input_file_ref idref="fl-8"/>
      </object_component>
      <object_component id="oc-10c">
         <name>.debug_info</name>
         <load_address>0x88477</load_address>
         <run_address>0x88477</run_address>
         <size>0x19ad</size>
         <input_file_ref idref="fl-9"/>
      </object_component>
      <object_component id="oc-117">
         <name>.debug_info</name>
         <load_address>0x89e24</load_address>
         <run_address>0x89e24</run_address>
         <size>0x3695</size>
         <input_file_ref idref="fl-a"/>
      </object_component>
      <object_component id="oc-11c">
         <name>.debug_info</name>
         <load_address>0x8d4b9</load_address>
         <run_address>0x8d4b9</run_address>
         <size>0x67d7</size>
         <input_file_ref idref="fl-b"/>
      </object_component>
      <object_component id="oc-121">
         <name>.debug_info</name>
         <load_address>0x93c90</load_address>
         <run_address>0x93c90</run_address>
         <size>0xd26d</size>
         <input_file_ref idref="fl-c"/>
      </object_component>
      <object_component id="oc-128">
         <name>.debug_info</name>
         <load_address>0xa0efd</load_address>
         <run_address>0xa0efd</run_address>
         <size>0x175</size>
         <input_file_ref idref="fl-d"/>
      </object_component>
      <object_component id="oc-12b">
         <name>.debug_info</name>
         <load_address>0xa1072</load_address>
         <run_address>0xa1072</run_address>
         <size>0x10298</size>
         <input_file_ref idref="fl-e"/>
      </object_component>
      <object_component id="oc-130">
         <name>.debug_info</name>
         <load_address>0xb130a</load_address>
         <run_address>0xb130a</run_address>
         <size>0xebb</size>
         <input_file_ref idref="fl-f"/>
      </object_component>
      <object_component id="oc-137">
         <name>.debug_info</name>
         <load_address>0xb21c5</load_address>
         <run_address>0xb21c5</run_address>
         <size>0x197d</size>
         <input_file_ref idref="fl-10"/>
      </object_component>
      <object_component id="oc-13c">
         <name>.debug_info</name>
         <load_address>0xb3b42</load_address>
         <run_address>0xb3b42</run_address>
         <size>0x23397</size>
         <input_file_ref idref="fl-11"/>
      </object_component>
      <object_component id="oc-143">
         <name>.debug_info</name>
         <load_address>0xd6ed9</load_address>
         <run_address>0xd6ed9</run_address>
         <size>0x1bca</size>
         <input_file_ref idref="fl-12"/>
      </object_component>
      <object_component id="oc-149">
         <name>.debug_info</name>
         <load_address>0xd8aa3</load_address>
         <run_address>0xd8aa3</run_address>
         <size>0x5d29</size>
         <input_file_ref idref="fl-13"/>
      </object_component>
      <object_component id="oc-14f">
         <name>.debug_info</name>
         <load_address>0xde7cc</load_address>
         <run_address>0xde7cc</run_address>
         <size>0x3047e</size>
         <input_file_ref idref="fl-14"/>
      </object_component>
      <object_component id="oc-158">
         <name>.debug_info</name>
         <load_address>0x10ec4a</load_address>
         <run_address>0x10ec4a</run_address>
         <size>0xcda</size>
         <input_file_ref idref="fl-15"/>
      </object_component>
      <object_component id="oc-15a">
         <name>.debug_info</name>
         <load_address>0x10f924</load_address>
         <run_address>0x10f924</run_address>
         <size>0x7d56</size>
         <input_file_ref idref="fl-16"/>
      </object_component>
      <object_component id="oc-160">
         <name>.debug_info</name>
         <load_address>0x11767a</load_address>
         <run_address>0x11767a</run_address>
         <size>0x2b23</size>
         <input_file_ref idref="fl-17"/>
      </object_component>
      <object_component id="oc-165">
         <name>.debug_info</name>
         <load_address>0x11a19d</load_address>
         <run_address>0x11a19d</run_address>
         <size>0x680</size>
         <input_file_ref idref="fl-18"/>
      </object_component>
      <object_component id="oc-16a">
         <name>.debug_info</name>
         <load_address>0x11a81d</load_address>
         <run_address>0x11a81d</run_address>
         <size>0xcab</size>
         <input_file_ref idref="fl-19"/>
      </object_component>
      <object_component id="oc-17c">
         <name>.debug_info</name>
         <load_address>0x11b4c8</load_address>
         <run_address>0x11b4c8</run_address>
         <size>0x439</size>
         <input_file_ref idref="fl-32"/>
      </object_component>
      <object_component id="oc-184">
         <name>.debug_info</name>
         <load_address>0x11b901</load_address>
         <run_address>0x11b901</run_address>
         <size>0x173</size>
         <input_file_ref idref="fl-33"/>
      </object_component>
      <object_component id="oc-189">
         <name>.debug_info</name>
         <load_address>0x11ba74</load_address>
         <run_address>0x11ba74</run_address>
         <size>0x114</size>
         <input_file_ref idref="fl-34"/>
      </object_component>
      <object_component id="oc-18e">
         <name>.debug_info</name>
         <load_address>0x11bb88</load_address>
         <run_address>0x11bb88</run_address>
         <size>0x176</size>
         <input_file_ref idref="fl-35"/>
      </object_component>
      <object_component id="oc-193">
         <name>.debug_info</name>
         <load_address>0x11bcfe</load_address>
         <run_address>0x11bcfe</run_address>
         <size>0x141</size>
         <input_file_ref idref="fl-36"/>
      </object_component>
      <object_component id="oc-197">
         <name>.debug_info</name>
         <load_address>0x11be3f</load_address>
         <run_address>0x11be3f</run_address>
         <size>0x561</size>
         <input_file_ref idref="fl-37"/>
      </object_component>
      <object_component id="oc-19c">
         <name>.debug_info</name>
         <load_address>0x11c3a0</load_address>
         <run_address>0x11c3a0</run_address>
         <size>0x43a</size>
         <input_file_ref idref="fl-38"/>
      </object_component>
      <object_component id="oc-1a1">
         <name>.debug_info</name>
         <load_address>0x11c7da</load_address>
         <run_address>0x11c7da</run_address>
         <size>0x3ad</size>
         <input_file_ref idref="fl-39"/>
      </object_component>
      <object_component id="oc-1a6">
         <name>.debug_info</name>
         <load_address>0x11cb87</load_address>
         <run_address>0x11cb87</run_address>
         <size>0x3aa</size>
         <input_file_ref idref="fl-3a"/>
      </object_component>
      <object_component id="oc-1ab">
         <name>.debug_info</name>
         <load_address>0x11cf31</load_address>
         <run_address>0x11cf31</run_address>
         <size>0x544</size>
         <input_file_ref idref="fl-3b"/>
      </object_component>
      <object_component id="oc-1b2">
         <name>.debug_info</name>
         <load_address>0x11d475</load_address>
         <run_address>0x11d475</run_address>
         <size>0x4cc</size>
         <input_file_ref idref="fl-3c"/>
      </object_component>
      <object_component id="oc-1b7">
         <name>.debug_info</name>
         <load_address>0x11d941</load_address>
         <run_address>0x11d941</run_address>
         <size>0x467</size>
         <input_file_ref idref="fl-3d"/>
      </object_component>
      <object_component id="oc-1bc">
         <name>.debug_info</name>
         <load_address>0x11dda8</load_address>
         <run_address>0x11dda8</run_address>
         <size>0x376</size>
         <input_file_ref idref="fl-3e"/>
      </object_component>
      <object_component id="oc-1c2">
         <name>.debug_info</name>
         <load_address>0x11e11e</load_address>
         <run_address>0x11e11e</run_address>
         <size>0x175</size>
         <input_file_ref idref="fl-3f"/>
      </object_component>
      <object_component id="oc-297">
         <name>.debug_info</name>
         <load_address>0x11e293</load_address>
         <run_address>0x11e293</run_address>
         <size>0xac</size>
      </object_component>
      <object_component id="oc-87">
         <name>.debug_frame</name>
         <load_address>0x0</load_address>
         <run_address>0x0</run_address>
         <size>0x28</size>
         <input_file_ref idref="fl-2"/>
      </object_component>
      <object_component id="oc-92">
         <name>.debug_frame</name>
         <load_address>0x28</load_address>
         <run_address>0x28</run_address>
         <size>0x11d0</size>
         <input_file_ref idref="fl-4"/>
      </object_component>
      <object_component id="oc-97">
         <name>.debug_frame</name>
         <load_address>0x11f8</load_address>
         <run_address>0x11f8</run_address>
         <size>0x160</size>
         <input_file_ref idref="fl-5"/>
      </object_component>
      <object_component id="oc-103">
         <name>.debug_frame</name>
         <load_address>0x1358</load_address>
         <run_address>0x1358</run_address>
         <size>0x1a8</size>
         <input_file_ref idref="fl-7"/>
      </object_component>
      <object_component id="oc-108">
         <name>.debug_frame</name>
         <load_address>0x1500</load_address>
         <run_address>0x1500</run_address>
         <size>0x28</size>
         <input_file_ref idref="fl-8"/>
      </object_component>
      <object_component id="oc-113">
         <name>.debug_frame</name>
         <load_address>0x1528</load_address>
         <run_address>0x1528</run_address>
         <size>0x28</size>
         <input_file_ref idref="fl-9"/>
      </object_component>
      <object_component id="oc-118">
         <name>.debug_frame</name>
         <load_address>0x1550</load_address>
         <run_address>0x1550</run_address>
         <size>0x58</size>
         <input_file_ref idref="fl-a"/>
      </object_component>
      <object_component id="oc-11d">
         <name>.debug_frame</name>
         <load_address>0x15a8</load_address>
         <run_address>0x15a8</run_address>
         <size>0x44</size>
         <input_file_ref idref="fl-b"/>
      </object_component>
      <object_component id="oc-122">
         <name>.debug_frame</name>
         <load_address>0x15ec</load_address>
         <run_address>0x15ec</run_address>
         <size>0x214</size>
         <input_file_ref idref="fl-c"/>
      </object_component>
      <object_component id="oc-12c">
         <name>.debug_frame</name>
         <load_address>0x1800</load_address>
         <run_address>0x1800</run_address>
         <size>0xc0</size>
         <input_file_ref idref="fl-e"/>
      </object_component>
      <object_component id="oc-133">
         <name>.debug_frame</name>
         <load_address>0x18c0</load_address>
         <run_address>0x18c0</run_address>
         <size>0x160</size>
         <input_file_ref idref="fl-f"/>
      </object_component>
      <object_component id="oc-138">
         <name>.debug_frame</name>
         <load_address>0x1a20</load_address>
         <run_address>0x1a20</run_address>
         <size>0x28</size>
         <input_file_ref idref="fl-10"/>
      </object_component>
      <object_component id="oc-13f">
         <name>.debug_frame</name>
         <load_address>0x1a48</load_address>
         <run_address>0x1a48</run_address>
         <size>0x1b0</size>
         <input_file_ref idref="fl-11"/>
      </object_component>
      <object_component id="oc-145">
         <name>.debug_frame</name>
         <load_address>0x1bf8</load_address>
         <run_address>0x1bf8</run_address>
         <size>0x68</size>
         <input_file_ref idref="fl-12"/>
      </object_component>
      <object_component id="oc-14b">
         <name>.debug_frame</name>
         <load_address>0x1c60</load_address>
         <run_address>0x1c60</run_address>
         <size>0x10c</size>
         <input_file_ref idref="fl-13"/>
      </object_component>
      <object_component id="oc-154">
         <name>.debug_frame</name>
         <load_address>0x1d6c</load_address>
         <run_address>0x1d6c</run_address>
         <size>0x308</size>
         <input_file_ref idref="fl-14"/>
      </object_component>
      <object_component id="oc-15c">
         <name>.debug_frame</name>
         <load_address>0x2074</load_address>
         <run_address>0x2074</run_address>
         <size>0x28</size>
         <input_file_ref idref="fl-16"/>
      </object_component>
      <object_component id="oc-161">
         <name>.debug_frame</name>
         <load_address>0x209c</load_address>
         <run_address>0x209c</run_address>
         <size>0x38c</size>
         <input_file_ref idref="fl-17"/>
      </object_component>
      <object_component id="oc-166">
         <name>.debug_frame</name>
         <load_address>0x2428</load_address>
         <run_address>0x2428</run_address>
         <size>0x60</size>
         <input_file_ref idref="fl-18"/>
      </object_component>
      <object_component id="oc-16b">
         <name>.debug_frame</name>
         <load_address>0x2488</load_address>
         <run_address>0x2488</run_address>
         <size>0xec</size>
         <input_file_ref idref="fl-19"/>
      </object_component>
      <object_component id="oc-17e">
         <name>.debug_frame</name>
         <load_address>0x2574</load_address>
         <run_address>0x2574</run_address>
         <size>0x44</size>
         <input_file_ref idref="fl-32"/>
      </object_component>
      <object_component id="oc-198">
         <name>.debug_frame</name>
         <load_address>0x25b8</load_address>
         <run_address>0x25b8</run_address>
         <size>0x60</size>
         <input_file_ref idref="fl-37"/>
      </object_component>
      <object_component id="oc-19d">
         <name>.debug_frame</name>
         <load_address>0x2618</load_address>
         <run_address>0x2618</run_address>
         <size>0x40</size>
         <input_file_ref idref="fl-38"/>
      </object_component>
      <object_component id="oc-1a2">
         <name>.debug_frame</name>
         <load_address>0x2658</load_address>
         <run_address>0x2658</run_address>
         <size>0x40</size>
         <input_file_ref idref="fl-39"/>
      </object_component>
      <object_component id="oc-1a7">
         <name>.debug_frame</name>
         <load_address>0x2698</load_address>
         <run_address>0x2698</run_address>
         <size>0x40</size>
         <input_file_ref idref="fl-3a"/>
      </object_component>
      <object_component id="oc-1ae">
         <name>.debug_frame</name>
         <load_address>0x26d8</load_address>
         <run_address>0x26d8</run_address>
         <size>0x60</size>
         <input_file_ref idref="fl-3b"/>
      </object_component>
      <object_component id="oc-1b3">
         <name>.debug_frame</name>
         <load_address>0x2738</load_address>
         <run_address>0x2738</run_address>
         <size>0x70</size>
         <input_file_ref idref="fl-3c"/>
      </object_component>
      <object_component id="oc-1b8">
         <name>.debug_frame</name>
         <load_address>0x27a8</load_address>
         <run_address>0x27a8</run_address>
         <size>0x40</size>
         <input_file_ref idref="fl-3d"/>
      </object_component>
      <object_component id="oc-1bd">
         <name>.debug_frame</name>
         <load_address>0x27e8</load_address>
         <run_address>0x27e8</run_address>
         <size>0x28</size>
         <input_file_ref idref="fl-3e"/>
      </object_component>
      <object_component id="oc-88">
         <name>.debug_line</name>
         <load_address>0x0</load_address>
         <run_address>0x0</run_address>
         <size>0x31</size>
         <input_file_ref idref="fl-2"/>
      </object_component>
      <object_component id="oc-8c">
         <name>.debug_line</name>
         <load_address>0x31</load_address>
         <run_address>0x31</run_address>
         <size>0x8f</size>
         <input_file_ref idref="fl-3"/>
      </object_component>
      <object_component id="oc-93">
         <name>.debug_line</name>
         <load_address>0xc0</load_address>
         <run_address>0xc0</run_address>
         <size>0xd1d</size>
         <input_file_ref idref="fl-4"/>
      </object_component>
      <object_component id="oc-98">
         <name>.debug_line</name>
         <load_address>0xddd</load_address>
         <run_address>0xddd</run_address>
         <size>0x200</size>
         <input_file_ref idref="fl-5"/>
      </object_component>
      <object_component id="oc-104">
         <name>.debug_line</name>
         <load_address>0xfdd</load_address>
         <run_address>0xfdd</run_address>
         <size>0x27f</size>
         <input_file_ref idref="fl-7"/>
      </object_component>
      <object_component id="oc-109">
         <name>.debug_line</name>
         <load_address>0x125c</load_address>
         <run_address>0x125c</run_address>
         <size>0x73</size>
         <input_file_ref idref="fl-8"/>
      </object_component>
      <object_component id="oc-114">
         <name>.debug_line</name>
         <load_address>0x12cf</load_address>
         <run_address>0x12cf</run_address>
         <size>0x38</size>
         <input_file_ref idref="fl-9"/>
      </object_component>
      <object_component id="oc-119">
         <name>.debug_line</name>
         <load_address>0x1307</load_address>
         <run_address>0x1307</run_address>
         <size>0xc7</size>
         <input_file_ref idref="fl-a"/>
      </object_component>
      <object_component id="oc-11e">
         <name>.debug_line</name>
         <load_address>0x13ce</load_address>
         <run_address>0x13ce</run_address>
         <size>0xab</size>
         <input_file_ref idref="fl-b"/>
      </object_component>
      <object_component id="oc-123">
         <name>.debug_line</name>
         <load_address>0x1479</load_address>
         <run_address>0x1479</run_address>
         <size>0x48a</size>
         <input_file_ref idref="fl-c"/>
      </object_component>
      <object_component id="oc-127">
         <name>.debug_line</name>
         <load_address>0x1903</load_address>
         <run_address>0x1903</run_address>
         <size>0x89</size>
         <input_file_ref idref="fl-d"/>
      </object_component>
      <object_component id="oc-12d">
         <name>.debug_line</name>
         <load_address>0x198c</load_address>
         <run_address>0x198c</run_address>
         <size>0xdf</size>
         <input_file_ref idref="fl-e"/>
      </object_component>
      <object_component id="oc-134">
         <name>.debug_line</name>
         <load_address>0x1a6b</load_address>
         <run_address>0x1a6b</run_address>
         <size>0x39c</size>
         <input_file_ref idref="fl-f"/>
      </object_component>
      <object_component id="oc-139">
         <name>.debug_line</name>
         <load_address>0x1e07</load_address>
         <run_address>0x1e07</run_address>
         <size>0x29</size>
         <input_file_ref idref="fl-10"/>
      </object_component>
      <object_component id="oc-140">
         <name>.debug_line</name>
         <load_address>0x1e30</load_address>
         <run_address>0x1e30</run_address>
         <size>0x23c</size>
         <input_file_ref idref="fl-11"/>
      </object_component>
      <object_component id="oc-146">
         <name>.debug_line</name>
         <load_address>0x206c</load_address>
         <run_address>0x206c</run_address>
         <size>0x184</size>
         <input_file_ref idref="fl-12"/>
      </object_component>
      <object_component id="oc-14c">
         <name>.debug_line</name>
         <load_address>0x21f0</load_address>
         <run_address>0x21f0</run_address>
         <size>0x195</size>
         <input_file_ref idref="fl-13"/>
      </object_component>
      <object_component id="oc-155">
         <name>.debug_line</name>
         <load_address>0x2385</load_address>
         <run_address>0x2385</run_address>
         <size>0x6a8</size>
         <input_file_ref idref="fl-14"/>
      </object_component>
      <object_component id="oc-15d">
         <name>.debug_line</name>
         <load_address>0x2a2d</load_address>
         <run_address>0x2a2d</run_address>
         <size>0x71</size>
         <input_file_ref idref="fl-16"/>
      </object_component>
      <object_component id="oc-162">
         <name>.debug_line</name>
         <load_address>0x2a9e</load_address>
         <run_address>0x2a9e</run_address>
         <size>0x441</size>
         <input_file_ref idref="fl-17"/>
      </object_component>
      <object_component id="oc-167">
         <name>.debug_line</name>
         <load_address>0x2edf</load_address>
         <run_address>0x2edf</run_address>
         <size>0xad</size>
         <input_file_ref idref="fl-18"/>
      </object_component>
      <object_component id="oc-16c">
         <name>.debug_line</name>
         <load_address>0x2f8c</load_address>
         <run_address>0x2f8c</run_address>
         <size>0x109</size>
         <input_file_ref idref="fl-19"/>
      </object_component>
      <object_component id="oc-17f">
         <name>.debug_line</name>
         <load_address>0x3095</load_address>
         <run_address>0x3095</run_address>
         <size>0x7e</size>
         <input_file_ref idref="fl-32"/>
      </object_component>
      <object_component id="oc-185">
         <name>.debug_line</name>
         <load_address>0x3113</load_address>
         <run_address>0x3113</run_address>
         <size>0x7e</size>
         <input_file_ref idref="fl-33"/>
      </object_component>
      <object_component id="oc-18a">
         <name>.debug_line</name>
         <load_address>0x3191</load_address>
         <run_address>0x3191</run_address>
         <size>0xad</size>
         <input_file_ref idref="fl-34"/>
      </object_component>
      <object_component id="oc-18f">
         <name>.debug_line</name>
         <load_address>0x323e</load_address>
         <run_address>0x323e</run_address>
         <size>0x6c</size>
         <input_file_ref idref="fl-35"/>
      </object_component>
      <object_component id="oc-194">
         <name>.debug_line</name>
         <load_address>0x32aa</load_address>
         <run_address>0x32aa</run_address>
         <size>0x52</size>
         <input_file_ref idref="fl-36"/>
      </object_component>
      <object_component id="oc-199">
         <name>.debug_line</name>
         <load_address>0x32fc</load_address>
         <run_address>0x32fc</run_address>
         <size>0x50</size>
         <input_file_ref idref="fl-37"/>
      </object_component>
      <object_component id="oc-19e">
         <name>.debug_line</name>
         <load_address>0x334c</load_address>
         <run_address>0x334c</run_address>
         <size>0x62</size>
         <input_file_ref idref="fl-38"/>
      </object_component>
      <object_component id="oc-1a3">
         <name>.debug_line</name>
         <load_address>0x33ae</load_address>
         <run_address>0x33ae</run_address>
         <size>0x3e</size>
         <input_file_ref idref="fl-39"/>
      </object_component>
      <object_component id="oc-1a8">
         <name>.debug_line</name>
         <load_address>0x33ec</load_address>
         <run_address>0x33ec</run_address>
         <size>0x3a</size>
         <input_file_ref idref="fl-3a"/>
      </object_component>
      <object_component id="oc-1af">
         <name>.debug_line</name>
         <load_address>0x3426</load_address>
         <run_address>0x3426</run_address>
         <size>0x65</size>
         <input_file_ref idref="fl-3b"/>
      </object_component>
      <object_component id="oc-1b4">
         <name>.debug_line</name>
         <load_address>0x348b</load_address>
         <run_address>0x348b</run_address>
         <size>0x5e</size>
         <input_file_ref idref="fl-3c"/>
      </object_component>
      <object_component id="oc-1b9">
         <name>.debug_line</name>
         <load_address>0x34e9</load_address>
         <run_address>0x34e9</run_address>
         <size>0x4f</size>
         <input_file_ref idref="fl-3d"/>
      </object_component>
      <object_component id="oc-1be">
         <name>.debug_line</name>
         <load_address>0x3538</load_address>
         <run_address>0x3538</run_address>
         <size>0x8f</size>
         <input_file_ref idref="fl-3e"/>
      </object_component>
[...]
      </symbol>
      <symbol id="sm-648">
         <name>_park1</name>
         <value>0xb06a</value>
         <object_component_ref idref="oc-151"/>
      </symbol>
      <symbol id="sm-649">
         <name>_stateReset</name>
         <value>0x808a</value>
         <object_component_ref idref="oc-1d0"/>
      </symbol>
      <symbol id="sm-64a">
         <name>_HVDMC_Protection</name>
         <value>0x85c9</value>
         <object_component_ref idref="oc-1d0"/>
      </symbol>
      <symbol id="sm-64b">
         <name>_IdRef_run</name>
         <value>0xb032</value>
         <object_component_ref idref="oc-151"/>
      </symbol>
      <symbol id="sm-64c">
         <name>_adca1_isr</name>
         <value>0x9e25</value>
         <object_component_ref idref="oc-152"/>
      </symbol>
      <symbol id="sm-64d">
         <name>_IsrTxTicker</name>
         <value>0xb036</value>
         <object_component_ref idref="oc-151"/>
      </symbol>
      <symbol id="sm-64e">
         <name>_T</name>
         <value>0xb018</value>
         <object_component_ref idref="oc-151"/>
      </symbol>
      <symbol id="sm-64f">
         <name>_DBUFF_4CH1</name>
         <value>0xb180</value>
         <object_component_ref idref="oc-1e1"/>
      </symbol>
      <symbol id="sm-650">
         <name>_DBUFF_4CH2</name>
         <value>0xb2c0</value>
         <object_component_ref idref="oc-1e2"/>
      </symbol>
      <symbol id="sm-651">
         <name>_DBUFF_4CH3</name>
         <value>0xb400</value>
         <object_component_ref idref="oc-1e3"/>
      </symbol>
      <symbol id="sm-652">
         <name>_DBUFF_4CH4</name>
         <value>0xb540</value>
         <object_component_ref idref="oc-1e4"/>
      </symbol>
      <symbol id="sm-653">
         <name>_cntr</name>
         <value>0xb02c</value>
         <object_component_ref idref="oc-151"/>
      </symbol>
      <symbol id="sm-65e">
         <name>_state_table</name>
         <value>0xb840</value>
         <object_component_ref idref="oc-1da"/>
      </symbol>
      <symbol id="sm-66a">
         <name>_SysCtlDelay</name>
         <value>0x215</value>
         <object_component_ref idref="oc-15b"/>
      </symbol>
      <symbol id="sm-6aa">
         <name>_UARTCharPut</name>
         <value>0xadcc</value>
         <object_component_ref idref="oc-1e0"/>
      </symbol>
      <symbol id="sm-6ab">
         <name>_UARTParityModeGet</name>
         <value>0xac47</value>
         <object_component_ref idref="oc-1e0"/>
      </symbol>
      <symbol id="sm-6ac">
         <name>_UARTRxErrorClear</name>
         <value>0xaf10</value>
         <object_component_ref idref="oc-1e0"/>
      </symbol>
      <symbol id="sm-6ad">
         <name>_UARTTxIntModeSet</name>
         <value>0xad2b</value>
         <object_component_ref idref="oc-1e0"/>
      </symbol>
      <symbol id="sm-6ae">
         <name>_UARTTXIntRegister</name>
         <value>0xae02</value>
         <object_component_ref idref="oc-1e0"/>
      </symbol>
      <symbol id="sm-6af">
         <name>_UARTDisable</name>
         <value>0xacf5</value>
         <object_component_ref idref="oc-1e0"/>
      </symbol>
      <symbol id="sm-6b0">
         <name>_UARTConfigGetExpClk</name>
         <value>0xacc7</value>
         <object_component_ref idref="oc-1e0"/>
      </symbol>
      <symbol id="sm-6b1">
         <name>_UARTFIFOIntLevelSet</name>
         <value>0xac50</value>
         <object_component_ref idref="oc-1e0"/>
      </symbol>
      <symbol id="sm-6b2">
         <name>_UARTCharsAvail</name>
         <value>0xad45</value>
         <object_component_ref idref="oc-1e0"/>
      </symbol>
      <symbol id="sm-6b3">
         <name>_UARTRXIntUnregister</name>
         <value>0xae1a</value>
         <object_component_ref idref="oc-1e0"/>
      </symbol>
      <symbol id="sm-6b4">
         <name>_UARTTXIntUnregister</name>
         <value>0xae30</value>
         <object_component_ref idref="oc-1e0"/>
      </symbol>
      <symbol id="sm-6b5">
         <name>_UARTBusy</name>
         <value>0xadd9</value>
         <object_component_ref idref="oc-1e0"/>
      </symbol>
      <symbol id="sm-6b6">
         <name>_UARTRXIntRegister</name>
         <value>0xadea</value>
         <object_component_ref idref="oc-1e0"/>
      </symbol>
      <symbol id="sm-6b7">
         <name>_UARTIntEnable</name>
         <value>0xae46</value>
         <object_component_ref idref="oc-1e0"/>
      </symbol>
      <symbol id="sm-6b8">
         <name>_UARTIntDisable</name>
         <value>0xae77</value>
         <object_component_ref idref="oc-1e0"/>
      </symbol>
      <symbol id="sm-6b9">
         <name>_UARTRxErrorGet</name>
         <value>0xaf0a</value>
         <object_component_ref idref="oc-1e0"/>
      </symbol>
      <symbol id="sm-6ba">
         <name>_UARTCharGetNonBlocking</name>
         <value>0xad7c</value>
         <object_component_ref idref="oc-1e0"/>
      </symbol>
      <symbol id="sm-6bb">
         <name>_UARTCharPutNonBlocking</name>
         <value>0xadb9</value>
         <object_component_ref idref="oc-1e0"/>
      </symbol>
      <symbol id="sm-6bc">
         <name>_UARTFIFOLevelGet</name>
         <value>0xac80</value>
         <object_component_ref idref="oc-1e0"/>
      </symbol>
      <symbol id="sm-6bd">
         <name>_UARTIntClear</name>
         <value>0xaedd</value>
         <object_component_ref idref="oc-1e0"/>
      </symbol>
      <symbol id="sm-6be">
         <name>_UARTFIFOIntLevelGet</name>
         <value>0xac6a</value>
         <object_component_ref idref="oc-1e0"/>
      </symbol>
      <symbol id="sm-6bf">
         <name>_UARTTxIntModeGet</name>
         <value>0xad3b</value>
         <object_component_ref idref="oc-1e0"/>
      </symbol>
      <symbol id="sm-6c0">
         <name>_UARTFIFODisable</name>
         <value>0xad22</value>
         <object_component_ref idref="oc-1e0"/>
      </symbol>
      <symbol id="sm-6c1">
         <name>_UARTCharGet</name>
         <value>0xada1</value>
         <object_component_ref idref="oc-1e0"/>
      </symbol>
      <symbol id="sm-6c2">
         <name>_UARTSpaceAvail</name>
         <value>0xad6b</value>
         <object_component_ref idref="oc-1e0"/>
      </symbol>
      <symbol id="sm-6c3">
         <name>_UARTFIFOEnable</name>
         <value>0xad19</value>
         <object_component_ref idref="oc-1e0"/>
      </symbol>
      <symbol id="sm-6c4">
         <name>_UARTParityModeSet</name>
         <value>0xac3d</value>
         <object_component_ref idref="oc-1e0"/>
      </symbol>
      <symbol id="sm-6c5">
         <name>_UARTIntStatus</name>
         <value>0xaead</value>
         <object_component_ref idref="oc-1e0"/>
      </symbol>
      <symbol id="sm-6c6">
         <name>_UARTEnable</name>
         <value>0xaceb</value>
         <object_component_ref idref="oc-1e0"/>
      </symbol>
      <symbol id="sm-6c7">
         <name>_UARTsetLoopBack</name>
         <value>0xad08</value>
         <object_component_ref idref="oc-1e0"/>
      </symbol>
      <symbol id="sm-6c8">
         <name>_UARTConfigSetExpClk</name>
         <value>0xac98</value>
         <object_component_ref idref="oc-1e0"/>
      </symbol>
      <symbol id="sm-6d8">
         <name>_DLOG_4CH_F_FUNC</name>
         <value>0x107eb</value>
         <object_component_ref idref="oc-1d2"/>
      </symbol>
      <symbol id="sm-6d9">
         <name>_DLOG_4CH_F_init</name>
         <value>0x107af</value>
         <object_component_ref idref="oc-1d2"/>
      </symbol>
      <symbol id="sm-6e5">
         <name>_SETPOINTS_init</name>
         <value>0x1088a</value>
         <object_component_ref idref="oc-1e5"/>
      </symbol>
      <symbol id="sm-6e6">
         <name>_ACTUALVALUE2_uart_TX</name>
         <value>0x10908</value>
         <object_component_ref idref="oc-1e5"/>
      </symbol>
      <symbol id="sm-6e7">
         <name>_ACTUALVALUE2_init</name>
         <value>0x108ad</value>
         <object_component_ref idref="oc-1e5"/>
      </symbol>
      <symbol id="sm-6e8">
         <name>_ACTUALVALUE1_init</name>
         <value>0x1089c</value>
         <object_component_ref idref="oc-1e5"/>
      </symbol>
      <symbol id="sm-6e9">
         <name>_ACTUALVALUE1_can_TX</name>
         <value>0x1094f</value>
         <object_component_ref idref="oc-1e5"/>
      </symbol>
      <symbol id="sm-6ea">
         <name>_ACTUALVALUE1_uart_TX</name>
         <value>0x108bd</value>
         <object_component_ref idref="oc-1e5"/>
      </symbol>
      <symbol id="sm-6eb">
         <name>_ACTUALVALUE2_can_TX</name>
         <value>0x10953</value>
         <object_component_ref idref="oc-1e5"/>
      </symbol>
      <symbol id="sm-6ef">
         <name>_endat22_Configure_CLB_LEN</name>
         <value>0x93d9</value>
         <object_component_ref idref="oc-1df"/>
      </symbol>
      <symbol id="sm-6f0">
         <name>_PM_endat22_receiveData</name>
         <value>0x9732</value>
         <object_component_ref idref="oc-1df"/>
      </symbol>
      <symbol id="sm-6f1">
         <name>_endat22_clb_xbar_init</name>
         <value>0x923e</value>
         <object_component_ref idref="oc-1df"/>
      </symbol>
      <symbol id="sm-6f2">
         <name>_PM_endat22_setFreq</name>
         <value>0x9704</value>
         <object_component_ref idref="oc-1df"/>
      </symbol>
      <symbol id="sm-6f3">
         <name>_PM_endat22_getDelayCompVal</name>
         <value>0x9897</value>
         <object_component_ref idref="oc-1df"/>
      </symbol>
      <symbol id="sm-6f4">
         <name>_endat22_GetBits</name>
         <value>0x92e0</value>
         <object_component_ref idref="oc-1df"/>
      </symbol>
      <symbol id="sm-6f5">
         <name>_endat22_spi_fifo_init</name>
         <value>0x918c</value>
         <object_component_ref idref="oc-1df"/>
      </symbol>
      <symbol id="sm-6f6">
         <name>_PM_endat22_startOperation</name>
         <value>0x9426</value>
         <object_component_ref idref="oc-1df"/>
      </symbol>
      <symbol id="sm-6f7">
         <name>_PM_endat22_setupPeriph</name>
         <value>0x9447</value>
         <object_component_ref idref="oc-1df"/>
      </symbol>
      <symbol id="sm-6f8">
         <name>_endat22_PutBits</name>
         <value>0x927f</value>
         <object_component_ref idref="oc-1df"/>
      </symbol>
      <symbol id="sm-6f9">
         <name>_endat22_reset_CLB</name>
         <value>0x91e9</value>
         <object_component_ref idref="oc-1df"/>
      </symbol>
      <symbol id="sm-6fa">
         <name>_PM_endat22_setupCommand</name>
         <value>0x9456</value>
         <object_component_ref idref="oc-1df"/>
      </symbol>
      <symbol id="sm-6fb">
         <name>_endat22_Configure_SPI_LEN</name>
         <value>0x93a2</value>
         <object_component_ref idref="oc-1df"/>
      </symbol>
      <symbol id="sm-6fc">
         <name>_endat22_reverse</name>
         <value>0x91e3</value>
         <object_component_ref idref="oc-1df"/>
      </symbol>
      <symbol id="sm-700">
         <name>_PM_endat22_getCrcNorm</name>
         <value>0x10638</value>
         <object_component_ref idref="oc-1eb"/>
      </symbol>
      <symbol id="sm-701">
         <name>_PM_endat22_getCrcTest</name>
         <value>0x1057f</value>
         <object_component_ref idref="oc-1eb"/>
      </symbol>
      <symbol id="sm-702">
         <name>_endat22_getCRC</name>
         <value>0x10528</value>
         <object_component_ref idref="oc-1eb"/>
      </symbol>
      <symbol id="sm-703">
         <name>_PM_endat22_generateCRCTable</name>
         <value>0x1064d</value>
         <object_component_ref idref="oc-1eb"/>
      </symbol>
      <symbol id="sm-704">
         <name>_PM_endat22_getCrcPos</name>
         <value>0x105a0</value>
         <object_component_ref idref="oc-1eb"/>
      </symbol>
      <symbol id="sm-708">
         <name>_endat22_CLB1_config</name>
         <value>0x8f73</value>
         <object_component_ref idref="oc-1ed"/>
      </symbol>
      <symbol id="sm-709">
         <name>_endat22_CLB4_config</name>
         <value>0x8913</value>
         <object_component_ref idref="oc-1ed"/>
      </symbol>
      <symbol id="sm-70a">
         <name>_endat22_CLB2_config</name>
         <value>0x8d5a</value>
         <object_component_ref idref="oc-1ed"/>
      </symbol>
      <symbol id="sm-70b">
         <name>_endat22_CLB3_config</name>
         <value>0x8b34</value>
         <object_component_ref idref="oc-1ed"/>
      </symbol>
      <symbol id="sm-711">
         <name>_Clb_clearHLC</name>
         <value>0xaf8f</value>
         <object_component_ref idref="oc-1ec"/>
      </symbol>
      <symbol id="sm-712">
         <name>_Clb_clearFIFOs</name>
         <value>0xafcc</value>
         <object_component_ref idref="oc-1ec"/>
      </symbol>
      <symbol id="sm-713">
         <name>_Clb_configLut3</name>
         <value>0xaf7d</value>
         <object_component_ref idref="oc-1ec"/>
      </symbol>
      <symbol id="sm-714">
         <name>_Clb_getCRC</name>
         <value>0xaf3b</value>
         <object_component_ref idref="oc-1ec"/>
      </symbol>
      <symbol id="sm-715">
         <name>_CLBptrs</name>
         <value>0xbb78</value>
         <object_component_ref idref="oc-1f0"/>
      </symbol>
      <symbol id="sm-716">
         <name>_Clb_writeInterface</name>
         <value>0xaf26</value>
         <object_component_ref idref="oc-1ec"/>
      </symbol>
      <symbol id="sm-732">
         <name>_Clb3DataExchgRegs</name>
         <value>0xc000</value>
         <object_component_ref idref="oc-178"/>
      </symbol>
      <symbol id="sm-733">
         <name>_Clb1DataExchgRegs</name>
         <value>0xbbc0</value>
         <object_component_ref idref="oc-17b"/>
      </symbol>
      <symbol id="sm-734">
         <name>_Clb2LogicCfgRegs</name>
         <value>0xec0</value>
         <object_component_ref idref="oc-173"/>
      </symbol>
      <symbol id="sm-735">
         <name>_Clb2LogicCtrlRegs</name>
         <value>0x1100</value>
         <object_component_ref idref="oc-16f"/>
      </symbol>
      <symbol id="sm-736">
         <name>_Clb4LogicCtrlRegs</name>
         <value>0x1480</value>
         <object_component_ref idref="oc-171"/>
      </symbol>
      <symbol id="sm-737">
         <name>_ClbXbarRegs</name>
         <value>0x7a40</value>
         <object_component_ref idref="oc-177"/>
      </symbol>
      <symbol id="sm-738">
         <name>_Clb2DataExchgRegs</name>
         <value>0xbdc0</value>
         <object_component_ref idref="oc-179"/>
      </symbol>
      <symbol id="sm-739">
         <name>_Clb3LogicCfgRegs</name>
         <value>0x1140</value>
         <object_component_ref idref="oc-176"/>
      </symbol>
      <symbol id="sm-73a">
         <name>_Clb1LogicCtrlRegs</name>
         <value>0x7c0</value>
         <object_component_ref idref="oc-170"/>
      </symbol>
      <symbol id="sm-73b">
         <name>_Clb4LogicCfgRegs</name>
         <value>0x11c0</value>
         <object_component_ref idref="oc-175"/>
      </symbol>
      <symbol id="sm-73c">
         <name>_Clb3LogicCtrlRegs</name>
         <value>0x1180</value>
         <object_component_ref idref="oc-172"/>
      </symbol>
      <symbol id="sm-73d">
         <name>_Clb1LogicCfgRegs</name>
         <value>0x780</value>
         <object_component_ref idref="oc-174"/>
      </symbol>
      <symbol id="sm-73e">
         <name>_Clb4DataExchgRegs</name>
         <value>0xc200</value>
         <object_component_ref idref="oc-17a"/>
      </symbol>
      <symbol id="sm-754">
         <name>_floorf</name>
         <value>0x10a61</value>
         <object_component_ref idref="oc-1cd"/>
      </symbol>
      <symbol id="sm-755">
         <name>_floor</name>
         <value>0x10a61</value>
         <object_component_ref idref="oc-1cd"/>
      </symbol>
      <symbol id="sm-770">
         <name>_c_int00</name>
         <value>0x10aba</value>
         <object_component_ref idref="oc-85"/>
      </symbol>
      <symbol id="sm-771">
         <name>__stack</name>
         <value>0x400</value>
         <object_component_ref idref="oc-182"/>
      </symbol>
      <symbol id="sm-782">
         <name>FS$$DIV</name>
         <value>0x10957</value>
         <object_component_ref idref="oc-188"/>
      </symbol>
      <symbol id="sm-78e">
         <name>LL$$AND</name>
         <value>0x3e4</value>
         <object_component_ref idref="oc-18d"/>
      </symbol>
      <symbol id="sm-78f">
         <name>LL$$OR</name>
         <value>0x3ec</value>
         <object_component_ref idref="oc-18d"/>
      </symbol>
      <symbol id="sm-790">
         <name>LL$$XOR</name>
         <value>0x3f4</value>
         <object_component_ref idref="oc-18d"/>
      </symbol>
      <symbol id="sm-79c">
         <name>U$$MOD</name>
         <value>0x10c86</value>
         <object_component_ref idref="oc-192"/>
      </symbol>
      <symbol id="sm-79d">
         <name>U$$DIV</name>
         <value>0x10c81</value>
         <object_component_ref idref="oc-192"/>
      </symbol>
      <symbol id="sm-7ac">
         <name>_copy_in</name>
         <value>0x10c1f</value>
         <object_component_ref idref="oc-1c7"/>
      </symbol>
      <symbol id="sm-7bd">
         <name>_memcpy</name>
         <value>0x10c43</value>
         <object_component_ref idref="oc-1d3"/>
      </symbol>
      <symbol id="sm-7c9">
         <name>__system_pre_init</name>
         <value>0x3fc</value>
         <object_component_ref idref="oc-1c6"/>
      </symbol>
      <symbol id="sm-7d6">
         <name>__system_post_cinit</name>
         <value>0x3fe</value>
         <object_component_ref idref="oc-1c8"/>
      </symbol>
      <symbol id="sm-7ea">
         <name>C$$EXIT</name>
         <value>0x10ba8</value>
         <object_component_ref idref="oc-1ca"/>
      </symbol>
      <symbol id="sm-7eb">
         <name>_exit</name>
         <value>0x10baa</value>
         <object_component_ref idref="oc-1ca"/>
      </symbol>
      <symbol id="sm-7ec">
         <name>___TI_cleanup_ptr</name>
         <value>0xb3fa</value>
         <object_component_ref idref="oc-1ad"/>
      </symbol>
      <symbol id="sm-7ed">
         <name>___TI_enable_exit_profile_output</name>
         <value>0xb3f8</value>
         <object_component_ref idref="oc-1ad"/>
      </symbol>
      <symbol id="sm-7ee">
         <name>_abort</name>
         <value>0x10ba8</value>
         <object_component_ref idref="oc-1ca"/>
      </symbol>
      <symbol id="sm-7ef">
         <name>___TI_dtors_ptr</name>
         <value>0xb3fc</value>
         <object_component_ref idref="oc-1ad"/>
      </symbol>
      <symbol id="sm-803">
         <name>__unlock</name>
         <value>0xb3fe</value>
         <object_component_ref idref="oc-1ef"/>
      </symbol>
      <symbol id="sm-804">
         <name>__lock</name>
         <value>0xb2be</value>
         <object_component_ref idref="oc-1d4"/>
      </symbol>
      <symbol id="sm-805">
         <name>__register_lock</name>
         <value>0x10c90</value>
         <object_component_ref idref="oc-1e6"/>
      </symbol>
      <symbol id="sm-806">
         <name>__nop</name>
         <value>0x10c94</value>
         <object_component_ref idref="oc-1e6"/>
      </symbol>
      <symbol id="sm-807">
         <name>__register_unlock</name>
         <value>0x10c8c</value>
         <object_component_ref idref="oc-1e6"/>
      </symbol>
      <symbol id="sm-816">
         <name>__args_main</name>
         <value>0x10c60</value>
         <object_component_ref idref="oc-1c9"/>
      </symbol>
      <symbol id="sm-833">
         <name>_getCRC16P2_vcu</name>
         <value>0x10a21</value>
         <object_component_ref idref="oc-1c1"/>
      </symbol>
      <symbol id="sm-834">
         <name>_getCRC16P1_vcu</name>
         <value>0x109e0</value>
         <object_component_ref idref="oc-1c1"/>
      </symbol>
   </symbol_table>
   <title>Link successful</title>
</link_info>
